<html>
<body>
<pre>
<h1>µVision Build Log</h1>
<h2>Tool Versions:</h2>
IDE-Version: ¦ÌVision V5.14.0.0
Copyright (C) 2015 ARM Ltd and ARM Germany GmbH. All rights reserved.
License Information: jhkgh Microsoft, Microsoft, LIC=LJWDY-IWENG-VH287-EIM1A-IDFA8-TUKFQ
 
Tool Versions:
Toolchain:       MDK-ARM Professional  Version: 5.14.0.0
Toolchain Path:  F:\keil\ARM\ARMCC\Bin
C Compiler:      Armcc.exe V5.05 update 1 (build 106)
Assembler:       Armasm.exe V5.05 update 1 (build 106)
Linker/Locator:  ArmLink.exe V5.05 update 1 (build 106)
Library Manager: ArmAr.exe V5.05 update 1 (build 106)
Hex Converter:   FromElf.exe V5.05 update 1 (build 106)
CPU DLL:         SARMCM3.DLL V5.14.0.0
Dialog DLL:      DCM.DLL V1.13.1.0
Target DLL:      STLink\ST-LINKIII-KEIL_SWO.dll V2.0.14.0_KEIL
Dialog DLL:      TCM.DLL V1.14.4.0
 
<h2>Project:</h2>
D:\git_hub\NCU-RM\NCU-RoboMaster\yaw_fdb_encoder\MDK-ARM\2018.07.12-infantry.uvprojx
Project File Date:  11/12/2018

<h2>Output:</h2>
Build target '2018.07.12-infantry'
compiling stm32f4xx_hal_can.c...
../Drivers/STM32F4xx_HAL_Driver/Src/stm32f4xx_hal_can.c(1080): warning:  #177-D: variable "tmp3" was declared but never referenced
    uint32_t tmp1 = 0U, tmp2 = 0U, tmp3 = 0U;
../Drivers/STM32F4xx_HAL_Driver/Src/stm32f4xx_hal_can.c(1293): warning:  #177-D: function "CAN_Transmit_IT" was declared but never referenced
  static HAL_StatusTypeDef CAN_Transmit_IT(CAN_HandleTypeDef* hcan)
../Drivers/STM32F4xx_HAL_Driver/Src/stm32f4xx_hal_can.c: 2 warnings, 0 errors
compiling communication.c...
linking...
Program Size: Code=24504 RO-data=1488 RW-data=396 ZI-data=21932  
"2018.07.12-infantry\2018.07.12-infantry" - 0 Error(s), 2 Warning(s).

<h2>Software Packages used:</h2>

Package Vendor: ARM
                http://www.keil.com/pack/ARM.CMSIS.4.2.0.pack
                ARM::CMSIS:CORE:3.40.0
                CMSIS (Cortex Microcontroller Software Interface Standard)
   * Component: CORE Version: 3.40.0

<h2>Collection of Component include folders:</h2>
  D:\git_hub\NCU-RM\NCU-RoboMaster\yaw_fdb_encoder\MDK-ARM\RTE
  F:\keil\ARM\PACK\ARM\CMSIS\4.2.0\CMSIS\Include
  F:\keil\ARM\PACK\Keil\STM32F4xx_DFP\2.5.0

<h2>Collection of Component Files used:</h2>

   * Component: ARM::CMSIS:CORE:3.40.0
      Source file:   CMSIS\UserCodeTemplates\ARM\ITM_Retarget.c
</pre>
</body>
</html>
