Component: ARM Compiler 5.06 update 6 (build 750) Tool: armlink [4d35ed]

==============================================================================

Section Cross References

    startup_stm32f427xx.o(RESET) refers to startup_stm32f427xx.o(STACK) for __initial_sp
    startup_stm32f427xx.o(RESET) refers to startup_stm32f427xx.o(.text) for Reset_Handler
    startup_stm32f427xx.o(RESET) refers to stm32f4xx_it.o(i.NMI_Handler) for NMI_Handler
    startup_stm32f427xx.o(RESET) refers to stm32f4xx_it.o(i.HardFault_Handler) for HardFault_Handler
    startup_stm32f427xx.o(RESET) refers to stm32f4xx_it.o(i.MemManage_Handler) for MemManage_Handler
    startup_stm32f427xx.o(RESET) refers to stm32f4xx_it.o(i.BusFault_Handler) for BusFault_Handler
    startup_stm32f427xx.o(RESET) refers to stm32f4xx_it.o(i.UsageFault_Handler) for UsageFault_Handler
    startup_stm32f427xx.o(RESET) refers to port.o(.emb_text) for SVC_Handler
    startup_stm32f427xx.o(RESET) refers to stm32f4xx_it.o(i.DebugMon_Handler) for DebugMon_Handler
    startup_stm32f427xx.o(RESET) refers to stm32f4xx_it.o(i.SysTick_Handler) for SysTick_Handler
    startup_stm32f427xx.o(RESET) refers to stm32f4xx_it.o(i.DMA1_Stream1_IRQHandler) for DMA1_Stream1_IRQHandler
    startup_stm32f427xx.o(RESET) refers to stm32f4xx_it.o(i.DMA1_Stream6_IRQHandler) for DMA1_Stream6_IRQHandler
    startup_stm32f427xx.o(RESET) refers to stm32f4xx_it.o(i.CAN1_RX0_IRQHandler) for CAN1_RX0_IRQHandler
    startup_stm32f427xx.o(RESET) refers to stm32f4xx_it.o(i.TIM1_UP_TIM10_IRQHandler) for TIM1_UP_TIM10_IRQHandler
    startup_stm32f427xx.o(RESET) refers to stm32f4xx_it.o(i.USART1_IRQHandler) for USART1_IRQHandler
    startup_stm32f427xx.o(RESET) refers to stm32f4xx_it.o(i.DMA2_Stream1_IRQHandler) for DMA2_Stream1_IRQHandler
    startup_stm32f427xx.o(RESET) refers to stm32f4xx_it.o(i.DMA2_Stream2_IRQHandler) for DMA2_Stream2_IRQHandler
    startup_stm32f427xx.o(RESET) refers to stm32f4xx_it.o(i.CAN2_RX0_IRQHandler) for CAN2_RX0_IRQHandler
    startup_stm32f427xx.o(RESET) refers to stm32f4xx_it.o(i.USART6_IRQHandler) for USART6_IRQHandler
    startup_stm32f427xx.o(RESET) refers to stm32f4xx_it.o(i.UART8_IRQHandler) for UART8_IRQHandler
    startup_stm32f427xx.o(.text) refers to system_stm32f4xx.o(i.SystemInit) for SystemInit
    startup_stm32f427xx.o(.text) refers to entry.o(.ARM.Collect$$$$00000000) for __main
    system_stm32f4xx.o(i.SystemCoreClockUpdate) refers to system_stm32f4xx.o(.data) for .data
    system_stm32f4xx.o(i.SystemCoreClockUpdate) refers to system_stm32f4xx.o(.constdata) for .constdata
    cmsis_os.o(i.osDelay) refers to tasks.o(i.vTaskDelay) for vTaskDelay
    cmsis_os.o(i.osKernelRunning) refers to tasks.o(i.xTaskGetSchedulerState) for xTaskGetSchedulerState
    cmsis_os.o(i.osKernelStart) refers to tasks.o(i.vTaskStartScheduler) for vTaskStartScheduler
    cmsis_os.o(i.osKernelSysTick) refers to cmsis_os.o(i.inHandlerMode) for inHandlerMode
    cmsis_os.o(i.osKernelSysTick) refers to tasks.o(i.xTaskGetTickCountFromISR) for xTaskGetTickCountFromISR
    cmsis_os.o(i.osKernelSysTick) refers to tasks.o(i.xTaskGetTickCount) for xTaskGetTickCount
    cmsis_os.o(i.osMailAlloc) refers to cmsis_os.o(i.osPoolAlloc) for osPoolAlloc
    cmsis_os.o(i.osMailCAlloc) refers to cmsis_os.o(i.osMailAlloc) for osMailAlloc
    cmsis_os.o(i.osMailCreate) refers to heap_4.o(i.pvPortMalloc) for pvPortMalloc
    cmsis_os.o(i.osMailCreate) refers to queue.o(i.xQueueGenericCreate) for xQueueGenericCreate
    cmsis_os.o(i.osMailCreate) refers to cmsis_os.o(i.osPoolCreate) for osPoolCreate
    cmsis_os.o(i.osMailCreate) refers to heap_4.o(i.vPortFree) for vPortFree
    cmsis_os.o(i.osMailFree) refers to cmsis_os.o(i.osPoolFree) for osPoolFree
    cmsis_os.o(i.osMailGet) refers to cmsis_os.o(i.inHandlerMode) for inHandlerMode
    cmsis_os.o(i.osMailGet) refers to queue.o(i.xQueueReceiveFromISR) for xQueueReceiveFromISR
    cmsis_os.o(i.osMailGet) refers to queue.o(i.xQueueGenericReceive) for xQueueGenericReceive
    cmsis_os.o(i.osMailPut) refers to cmsis_os.o(i.inHandlerMode) for inHandlerMode
    cmsis_os.o(i.osMailPut) refers to queue.o(i.xQueueGenericSendFromISR) for xQueueGenericSendFromISR
    cmsis_os.o(i.osMailPut) refers to queue.o(i.xQueueGenericSend) for xQueueGenericSend
    cmsis_os.o(i.osMessageCreate) refers to queue.o(i.xQueueGenericCreate) for xQueueGenericCreate
    cmsis_os.o(i.osMessageGet) refers to cmsis_os.o(i.inHandlerMode) for inHandlerMode
    cmsis_os.o(i.osMessageGet) refers to queue.o(i.xQueueReceiveFromISR) for xQueueReceiveFromISR
    cmsis_os.o(i.osMessageGet) refers to queue.o(i.xQueueGenericReceive) for xQueueGenericReceive
    cmsis_os.o(i.osMessagePeek) refers to queue.o(i.xQueueGenericReceive) for xQueueGenericReceive
    cmsis_os.o(i.osMessagePut) refers to cmsis_os.o(i.inHandlerMode) for inHandlerMode
[...]
    pid_param_init                           0x08004a55   Thumb Code    14  pid.o(i.pid_param_init)
    i.pid_reset                              0x08004a62   Section        0  pid.o(i.pid_reset)
    pid_reset                                0x08004a63   Thumb Code     6  pid.o(i.pid_reset)
    i.prvAddCurrentTaskToDelayedList         0x08004a68   Section        0  tasks.o(i.prvAddCurrentTaskToDelayedList)
    prvAddCurrentTaskToDelayedList           0x08004a69   Thumb Code    48  tasks.o(i.prvAddCurrentTaskToDelayedList)
    i.prvCheckTasksWaitingTermination        0x08004a9c   Section        0  tasks.o(i.prvCheckTasksWaitingTermination)
    prvCheckTasksWaitingTermination          0x08004a9d   Thumb Code    76  tasks.o(i.prvCheckTasksWaitingTermination)
    i.prvHeapInit                            0x08004af0   Section        0  heap_4.o(i.prvHeapInit)
    prvHeapInit                              0x08004af1   Thumb Code    66  heap_4.o(i.prvHeapInit)
    i.prvIdleTask                            0x08004b3c   Section        0  tasks.o(i.prvIdleTask)
    prvIdleTask                              0x08004b3d   Thumb Code    30  tasks.o(i.prvIdleTask)
    i.prvInsertBlockIntoFreeList             0x08004b64   Section        0  heap_4.o(i.prvInsertBlockIntoFreeList)
    prvInsertBlockIntoFreeList               0x08004b65   Thumb Code    72  heap_4.o(i.prvInsertBlockIntoFreeList)
    i.prvListTaskWithinSingleList            0x08004bb0   Section        0  tasks.o(i.prvListTaskWithinSingleList)
    prvListTaskWithinSingleList              0x08004bb1   Thumb Code   138  tasks.o(i.prvListTaskWithinSingleList)
    i.prvResetNextTaskUnblockTime            0x08004c3c   Section        0  tasks.o(i.prvResetNextTaskUnblockTime)
    prvResetNextTaskUnblockTime              0x08004c3d   Thumb Code    26  tasks.o(i.prvResetNextTaskUnblockTime)
    i.prvTaskExitError                       0x08004c5c   Section        0  port.o(i.prvTaskExitError)
    prvTaskExitError                         0x08004c5d   Thumb Code    36  port.o(i.prvTaskExitError)
    i.pvPortMalloc                           0x08004c84   Section        0  heap_4.o(i.pvPortMalloc)
    i.pxPortInitialiseStack                  0x08004d5c   Section        0  port.o(i.pxPortInitialiseStack)
    i.testTask                               0x08004d84   Section        0  main.o(i.testTask)
    i.ulTaskNotifyTake                       0x08004db8   Section        0  tasks.o(i.ulTaskNotifyTake)
    i.uxListRemove                           0x08004e54   Section        0  list.o(i.uxListRemove)
    i.uxTaskGetSystemState                   0x08004e78   Section        0  tasks.o(i.uxTaskGetSystemState)
    i.vListInitialise                        0x08004f0c   Section        0  list.o(i.vListInitialise)
    i.vListInitialiseItem                    0x08004f22   Section        0  list.o(i.vListInitialiseItem)
    i.vListInsert                            0x08004f28   Section        0  list.o(i.vListInsert)
    i.vListInsertEnd                         0x08004f58   Section        0  list.o(i.vListInsertEnd)
    i.vPortEnterCritical                     0x08004f70   Section        0  port.o(i.vPortEnterCritical)
    i.vPortExitCritical                      0x08004fb0   Section        0  port.o(i.vPortExitCritical)
    i.vPortFree                              0x08004fd8   Section        0  heap_4.o(i.vPortFree)
    i.vPortSetupTimerInterrupt               0x08005034   Section        0  port.o(i.vPortSetupTimerInterrupt)
    i.vTaskDelay                             0x08005054   Section        0  tasks.o(i.vTaskDelay)
    i.vTaskList                              0x080050bc   Section        0  tasks.o(i.vTaskList)
    i.vTaskStartScheduler                    0x08005184   Section        0  tasks.o(i.vTaskStartScheduler)
    i.vTaskSuspendAll                        0x080051ec   Section        0  tasks.o(i.vTaskSuspendAll)
    i.vTaskSwitchContext                     0x080051fc   Section        0  tasks.o(i.vTaskSwitchContext)
    i.verify_crc16_check_sum                 0x08005258   Section        0  protocol.o(i.verify_crc16_check_sum)
    i.verify_crc8_check_sum                  0x08005294   Section        0  protocol.o(i.verify_crc8_check_sum)
    i.xPortStartScheduler                    0x080052c0   Section        0  port.o(i.xPortStartScheduler)
    i.xPortSysTickHandler                    0x080053a0   Section        0  port.o(i.xPortSysTickHandler)
    i.xTaskGenericCreate                     0x080053cc   Section        0  tasks.o(i.xTaskGenericCreate)
    i.xTaskGetSchedulerState                 0x08005588   Section        0  tasks.o(i.xTaskGetSchedulerState)
    i.xTaskIncrementTick                     0x080055a4   Section        0  tasks.o(i.xTaskIncrementTick)
    i.xTaskResumeAll                         0x08005670   Section        0  tasks.o(i.xTaskResumeAll)
    .constdata                               0x08005734   Section       16  stm32f4xx_hal_rcc.o(.constdata)
    .constdata                               0x08005744   Section        8  stm32f4xx_hal_dma.o(.constdata)
    flagBitshiftOffset                       0x08005744   Data           8  stm32f4xx_hal_dma.o(.constdata)
    .constdata                               0x0800574c   Section      140  freertos.o(.constdata)
    .constdata                               0x080057d8   Section      790  protocol.o(.constdata)
    .constdata                               0x08005af0   Section       20  communication.o(.constdata)
    .conststring                             0x08005b04   Section       84  freertos.o(.conststring)
    .data                                    0x20000000   Section        4  system_stm32f4xx.o(.data)
    .data                                    0x20000004   Section       56  tasks.o(.data)
    uxTasksDeleted                           0x20000008   Data           4  tasks.o(.data)
    uxCurrentNumberOfTasks                   0x2000000c   Data           4  tasks.o(.data)
    xTickCount                               0x20000010   Data           4  tasks.o(.data)
    uxTopReadyPriority                       0x20000014   Data           4  tasks.o(.data)
    xSchedulerRunning                        0x20000018   Data           4  tasks.o(.data)
    uxPendedTicks                            0x2000001c   Data           4  tasks.o(.data)
    xYieldPending                            0x20000020   Data           4  tasks.o(.data)
    xNumOfOverflows                          0x20000024   Data           4  tasks.o(.data)
    uxTaskNumber                             0x20000028   Data           4  tasks.o(.data)
    xNextTaskUnblockTime                     0x2000002c   Data           4  tasks.o(.data)
    uxSchedulerSuspended                     0x20000030   Data           4  tasks.o(.data)
    pxDelayedTaskList                        0x20000034   Data           4  tasks.o(.data)
    pxOverflowDelayedTaskList                0x20000038   Data           4  tasks.o(.data)
    .data                                    0x2000003c   Section       24  heap_4.o(.data)
    pxEnd                                    0x2000003c   Data           4  heap_4.o(.data)
    xFreeBytesRemaining                      0x20000040   Data           4  heap_4.o(.data)
    xMinimumEverFreeBytesRemaining           0x20000044   Data           4  heap_4.o(.data)
    xBlockAllocatedBit                       0x20000048   Data           4  heap_4.o(.data)
    xStart                                   0x2000004c   Data           8  heap_4.o(.data)
    .data                                    0x20000054   Section       12  port.o(.data)
    ucMaxSysCallPriority                     0x20000054   Data           1  port.o(.data)
    uxCriticalNesting                        0x20000058   Data           4  port.o(.data)
    ulMaxPRIGROUPValue                       0x2000005c   Data           4  port.o(.data)
    .data                                    0x20000060   Section        4  stm32f4xx_hal.o(.data)
    .data                                    0x20000064   Section        1  stm32f4xx_it.o(.data)
    i                                        0x20000064   Data           1  stm32f4xx_it.o(.data)
    .data                                    0x20000068   Section       28  freertos.o(.data)
    .data                                    0x20000084   Section        4  can.o(.data)
    HAL_RCC_CAN1_CLK_ENABLED                 0x20000084   Data           4  can.o(.data)
    .data                                    0x20000088   Section        2  protocol.o(.data)
    .data                                    0x2000008c   Section       38  communication.o(.data)
    MPU_Rx                                   0x2000008d   Data           1  communication.o(.data)
    MPU_Tx                                   0x2000008e   Data           1  communication.o(.data)
    MPU_Rx                                   0x2000008f   Data           1  communication.o(.data)
    MPU_Tx                                   0x20000090   Data           1  communication.o(.data)
    MPU_Rx                                   0x20000091   Data           1  communication.o(.data)
    MPU_Tx                                   0x20000092   Data           1  communication.o(.data)
    sum_gz                                   0x20000094   Data           4  communication.o(.data)
    sum_gy                                   0x20000098   Data           4  communication.o(.data)
    MPU_Tx_buff                              0x200000a4   Data          14  communication.o(.data)
    .data                                    0x200000b2   Section        2  communication.o(.data)
    .data                                    0x200000b4   Section        2  communication.o(.data)
    .data                                    0x200000b6   Section        6  atom_imu.o(.data)
    .data                                    0x200000bc   Section        4  chassis_task.o(.data)
    .data                                    0x200000c0   Section       16  data_pro_task.o(.data)
    .data                                    0x200000d0   Section       12  gimbal_task.o(.data)
    Yaw_Current_Value                        0x200000d0   Data           2  gimbal_task.o(.data)
    Pitch_Current_Value                      0x200000d2   Data           2  gimbal_task.o(.data)
    .data                                    0x200000dc   Section        4  gun_task.o(.data)
    .data                                    0x200000e0   Section        4  stdout.o(.data)
    .bss                                     0x200000e4   Section      240  tasks.o(.bss)
    pxReadyTasksLists                        0x200000e4   Data         140  tasks.o(.bss)
    xDelayedTaskList1                        0x20000170   Data          20  tasks.o(.bss)
    xDelayedTaskList2                        0x20000184   Data          20  tasks.o(.bss)
    xPendingReadyList                        0x20000198   Data          20  tasks.o(.bss)
    xTasksWaitingTermination                 0x200001ac   Data          20  tasks.o(.bss)
    xSuspendedTaskList                       0x200001c0   Data          20  tasks.o(.bss)
    .bss                                     0x200001d4   Section    15360  heap_4.o(.bss)
    ucHeap                                   0x200001d4   Data       15360  heap_4.o(.bss)
    .bss                                     0x20003dd4   Section       60  stm32f4xx_hal.o(.bss)
    .bss                                     0x20003e10   Section      120  tim.o(.bss)
    .bss                                     0x20003e88   Section       88  spi.o(.bss)
    .bss                                     0x20003ee0   Section      640  usart.o(.bss)
    .bss                                     0x20004160   Section      256  can.o(.bss)
    Tx1Message                               0x20004160   Data          28  can.o(.bss)
    Rx1Message                               0x2000417c   Data          36  can.o(.bss)
    Tx2Message                               0x200041a0   Data          28  can.o(.bss)
    Rx2Message                               0x200041bc   Data          36  can.o(.bss)
    .bss                                     0x20004260   Section      176  motor_use_can.o(.bss)
    .bss                                     0x20004310   Section       44  motor_use_can.o(.bss)
    .bss                                     0x2000433c   Section       44  motor_use_can.o(.bss)
    .bss                                     0x20004368   Section       44  motor_use_can.o(.bss)
    .bss                                     0x20004394   Section       84  motor_use_can.o(.bss)
    Cloud_Platform_Data                      0x20004394   Data          28  motor_use_can.o(.bss)
    Chassis_Motor_Data                       0x200043b0   Data          28  motor_use_can.o(.bss)
    Allocate_Motor_Data                      0x200043cc   Data          28  motor_use_can.o(.bss)
    .bss                                     0x200043e8   Section      328  communication.o(.bss)
    raw_gz                                   0x20004410   Data          24  communication.o(.bss)
    raw_gy                                   0x20004428   Data          24  communication.o(.bss)
    .bss                                     0x20004530   Section      100  communication.o(.bss)
    .bss                                     0x20004594   Section     3088  atom_imu.o(.bss)
    .bss                                     0x200051a4   Section       52  decode.o(.bss)
    .bss                                     0x200051d8   Section      864  chassis_task.o(.bss)
    .bss                                     0x20005538   Section      864  gimbal_task.o(.bss)
    .bss                                     0x20005898   Section      216  gun_task.o(.bss)
    STACK                                    0x20005970   Section     1024  startup_stm32f427xx.o(STACK)

    Global Symbols

    Symbol Name                              Value     Ov Type        Size  Object(Section)

    BuildAttributes$$THM_ISAv4$E$P$D$K$B$S$7EM$VFPi3$EXTD16$VFPS$VFMA$PE$A:L22UL41UL21$X:L11$S22US41US21$IEEE1$IW$USESV6$~STKCKD$USESV7$~SHL$OTIME$ROPI$EBA8$MICROLIB$REQ8$PRES8$EABIv2 0x00000000   Number         0  anon$$obj.o ABSOLUTE
    __ARM_use_no_argv                        0x00000000   Number         0  main.o ABSOLUTE
    _printf_a                                0x00000000   Number         0  stubs.o ABSOLUTE
    _printf_c                                0x00000000   Number         0  stubs.o ABSOLUTE
    _printf_charcount                        0x00000000   Number         0  stubs.o ABSOLUTE
    _printf_d                                0x00000000   Number         0  stubs.o ABSOLUTE
    _printf_e                                0x00000000   Number         0  stubs.o ABSOLUTE
    _printf_f                                0x00000000   Number         0  stubs.o ABSOLUTE
    _printf_flags                            0x00000000   Number         0  stubs.o ABSOLUTE
    _printf_fp_dec                           0x00000000   Number         0  stubs.o ABSOLUTE
    _printf_fp_hex                           0x00000000   Number         0  stubs.o ABSOLUTE
    _printf_g                                0x00000000   Number         0  stubs.o ABSOLUTE
    _printf_i                                0x00000000   Number         0  stubs.o ABSOLUTE
    _printf_int_dec                          0x00000000   Number         0  stubs.o ABSOLUTE
    _printf_l                                0x00000000   Number         0  stubs.o ABSOLUTE
    _printf_lc                               0x00000000   Number         0  stubs.o ABSOLUTE
    _printf_ll                               0x00000000   Number         0  stubs.o ABSOLUTE
    _printf_lld                              0x00000000   Number         0  stubs.o ABSOLUTE
    _printf_lli                              0x00000000   Number         0  stubs.o ABSOLUTE
    _printf_llo                              0x00000000   Number         0  stubs.o ABSOLUTE
    _printf_llu                              0x00000000   Number         0  stubs.o ABSOLUTE
    _printf_llx                              0x00000000   Number         0  stubs.o ABSOLUTE
    _printf_longlong_dec                     0x00000000   Number         0  stubs.o ABSOLUTE
    _printf_longlong_hex                     0x00000000   Number         0  stubs.o ABSOLUTE
    _printf_longlong_oct                     0x00000000   Number         0  stubs.o ABSOLUTE
    _printf_ls                               0x00000000   Number         0  stubs.o ABSOLUTE
    _printf_mbtowc                           0x00000000   Number         0  stubs.o ABSOLUTE
    _printf_n                                0x00000000   Number         0  stubs.o ABSOLUTE
    _printf_o                                0x00000000   Number         0  stubs.o ABSOLUTE
    _printf_p                                0x00000000   Number         0  stubs.o ABSOLUTE
    _printf_percent                          0x00000000   Number         0  stubs.o ABSOLUTE
    _printf_pre_padding                      0x00000000   Number         0  stubs.o ABSOLUTE
    _printf_return_value                     0x00000000   Number         0  stubs.o ABSOLUTE
    _printf_s                                0x00000000   Number         0  stubs.o ABSOLUTE
    _printf_sizespec                         0x00000000   Number         0  stubs.o ABSOLUTE
    _printf_str                              0x00000000   Number         0  stubs.o ABSOLUTE
    _printf_truncate_signed                  0x00000000   Number         0  stubs.o ABSOLUTE
    _printf_truncate_unsigned                0x00000000   Number         0  stubs.o ABSOLUTE
    _printf_u                                0x00000000   Number         0  stubs.o ABSOLUTE
    _printf_wc                               0x00000000   Number         0  stubs.o ABSOLUTE
    _printf_wctomb                           0x00000000   Number         0  stubs.o ABSOLUTE
    _printf_widthprec                        0x00000000   Number         0  stubs.o ABSOLUTE
    _printf_x                                0x00000000   Number         0  stubs.o ABSOLUTE
    __cpp_initialize__aeabi_                  - Undefined Weak Reference
    __cxa_finalize                            - Undefined Weak Reference
    __decompress                              - Undefined Weak Reference
    _clock_init                               - Undefined Weak Reference
    _microlib_exit                            - Undefined Weak Reference
    __Vectors_Size                           0x000001ac   Number         0  startup_stm32f427xx.o ABSOLUTE
    __Vectors                                0x08000000   Data           4  startup_stm32f427xx.o(RESET)
    __Vectors_End                            0x080001ac   Data           0  startup_stm32f427xx.o(RESET)
    __main                                   0x080001ad   Thumb Code     0  entry.o(.ARM.Collect$$$$00000000)
    _main_stk                                0x080001ad   Thumb Code     0  entry2.o(.ARM.Collect$$$$00000001)
    _main_scatterload                        0x080001b1   Thumb Code     0  entry5.o(.ARM.Collect$$$$00000004)
    __main_after_scatterload                 0x080001b5   Thumb Code     0  entry5.o(.ARM.Collect$$$$00000004)
    _main_clock                              0x080001b5   Thumb Code     0  entry7b.o(.ARM.Collect$$$$00000008)
    _main_cpp_init                           0x080001b5   Thumb Code     0  entry8b.o(.ARM.Collect$$$$0000000A)
    _main_init                               0x080001b5   Thumb Code     0  entry9a.o(.ARM.Collect$$$$0000000B)
    __rt_final_cpp                           0x080001bd   Thumb Code     0  entry10a.o(.ARM.Collect$$$$0000000D)
    __rt_final_exit                          0x080001bd   Thumb Code     0  entry11a.o(.ARM.Collect$$$$0000000F)
    SVC_Handler                              0x080001c1   Thumb Code    28  port.o(.emb_text)
    __asm___6_port_c_39a90d8d__prvStartFirstTask 0x080001e1   Thumb Code    28  port.o(.emb_text)
    __asm___6_port_c_39a90d8d__prvEnableVFP  0x08000201   Thumb Code    16  port.o(.emb_text)
    PendSV_Handler                           0x08000215   Thumb Code    92  port.o(.emb_text)
    vPortGetIPSR                             0x08000275   Thumb Code     6  port.o(.emb_text)
    Reset_Handler                            0x0800027d   Thumb Code     8  startup_stm32f427xx.o(.text)
    ADC_IRQHandler                           0x08000297   Thumb Code     0  startup_stm32f427xx.o(.text)
    CAN1_RX1_IRQHandler                      0x08000297   Thumb Code     0  startup_stm32f427xx.o(.text)
    CAN1_SCE_IRQHandler                      0x08000297   Thumb Code     0  startup_stm32f427xx.o(.text)
    CAN1_TX_IRQHandler                       0x08000297   Thumb Code     0  startup_stm32f427xx.o(.text)
    CAN2_RX1_IRQHandler                      0x08000297   Thumb Code     0  startup_stm32f427xx.o(.text)
    CAN2_SCE_IRQHandler                      0x08000297   Thumb Code     0  startup_stm32f427xx.o(.text)
    CAN2_TX_IRQHandler                       0x08000297   Thumb Code     0  startup_stm32f427xx.o(.text)
    DCMI_IRQHandler                          0x08000297   Thumb Code     0  startup_stm32f427xx.o(.text)
    DMA1_Stream0_IRQHandler                  0x08000297   Thumb Code     0  startup_stm32f427xx.o(.text)
    DMA1_Stream2_IRQHandler                  0x08000297   Thumb Code     0  startup_stm32f427xx.o(.text)
    DMA1_Stream3_IRQHandler                  0x08000297   Thumb Code     0  startup_stm32f427xx.o(.text)
    DMA1_Stream4_IRQHandler                  0x08000297   Thumb Code     0  startup_stm32f427xx.o(.text)
    DMA1_Stream5_IRQHandler                  0x08000297   Thumb Code     0  startup_stm32f427xx.o(.text)
    DMA1_Stream7_IRQHandler                  0x08000297   Thumb Code     0  startup_stm32f427xx.o(.text)
    DMA2D_IRQHandler                         0x08000297   Thumb Code     0  startup_stm32f427xx.o(.text)
    DMA2_Stream0_IRQHandler                  0x08000297   Thumb Code     0  startup_stm32f427xx.o(.text)
    DMA2_Stream3_IRQHandler                  0x08000297   Thumb Code     0  startup_stm32f427xx.o(.text)
    DMA2_Stream4_IRQHandler                  0x08000297   Thumb Code     0  startup_stm32f427xx.o(.text)
    DMA2_Stream5_IRQHandler                  0x08000297   Thumb Code     0  startup_stm32f427xx.o(.text)
    DMA2_Stream6_IRQHandler                  0x08000297   Thumb Code     0  startup_stm32f427xx.o(.text)
    DMA2_Stream7_IRQHandler                  0x08000297   Thumb Code     0  startup_stm32f427xx.o(.text)
    ETH_IRQHandler                           0x08000297   Thumb Code     0  startup_stm32f427xx.o(.text)
    ETH_WKUP_IRQHandler                      0x08000297   Thumb Code     0  startup_stm32f427xx.o(.text)
    EXTI0_IRQHandler                         0x08000297   Thumb Code     0  startup_stm32f427xx.o(.text)
    EXTI15_10_IRQHandler                     0x08000297   Thumb Code     0  startup_stm32f427xx.o(.text)
    EXTI1_IRQHandler                         0x08000297   Thumb Code     0  startup_stm32f427xx.o(.text)
    EXTI2_IRQHandler                         0x08000297   Thumb Code     0  startup_stm32f427xx.o(.text)
    EXTI3_IRQHandler                         0x08000297   Thumb Code     0  startup_stm32f427xx.o(.text)
    EXTI4_IRQHandler                         0x08000297   Thumb Code     0  startup_stm32f427xx.o(.text)
    EXTI9_5_IRQHandler                       0x08000297   Thumb Code     0  startup_stm32f427xx.o(.text)
    FLASH_IRQHandler                         0x08000297   Thumb Code     0  startup_stm32f427xx.o(.text)
    FMC_IRQHandler                           0x08000297   Thumb Code     0  startup_stm32f427xx.o(.text)
    FPU_IRQHandler                           0x08000297   Thumb Code     0  startup_stm32f427xx.o(.text)
    HASH_RNG_IRQHandler                      0x08000297   Thumb Code     0  startup_stm32f427xx.o(.text)
    I2C1_ER_IRQHandler                       0x08000297   Thumb Code     0  startup_stm32f427xx.o(.text)
    I2C1_EV_IRQHandler                       0x08000297   Thumb Code     0  startup_stm32f427xx.o(.text)
    I2C2_ER_IRQHandler                       0x08000297   Thumb Code     0  startup_stm32f427xx.o(.text)
    I2C2_EV_IRQHandler                       0x08000297   Thumb Code     0  startup_stm32f427xx.o(.text)
    I2C3_ER_IRQHandler                       0x08000297   Thumb Code     0  startup_stm32f427xx.o(.text)
    I2C3_EV_IRQHandler                       0x08000297   Thumb Code     0  startup_stm32f427xx.o(.text)
    OTG_FS_IRQHandler                        0x08000297   Thumb Code     0  startup_stm32f427xx.o(.text)
    OTG_FS_WKUP_IRQHandler                   0x08000297   Thumb Code     0  startup_stm32f427xx.o(.text)
    OTG_HS_EP1_IN_IRQHandler                 0x08000297   Thumb Code     0  startup_stm32f427xx.o(.text)
    OTG_HS_EP1_OUT_IRQHandler                0x08000297   Thumb Code     0  startup_stm32f427xx.o(.text)
    OTG_HS_IRQHandler                        0x08000297   Thumb Code     0  startup_stm32f427xx.o(.text)
    OTG_HS_WKUP_IRQHandler                   0x08000297   Thumb Code     0  startup_stm32f427xx.o(.text)
    PVD_IRQHandler                           0x08000297   Thumb Code     0  startup_stm32f427xx.o(.text)
    RCC_IRQHandler                           0x08000297   Thumb Code     0  startup_stm32f427xx.o(.text)
    RTC_Alarm_IRQHandler                     0x08000297   Thumb Code     0  startup_stm32f427xx.o(.text)
    RTC_WKUP_IRQHandler                      0x08000297   Thumb Code     0  startup_stm32f427xx.o(.text)
    SAI1_IRQHandler                          0x08000297   Thumb Code     0  startup_stm32f427xx.o(.text)
    SDIO_IRQHandler                          0x08000297   Thumb Code     0  startup_stm32f427xx.o(.text)
    SPI1_IRQHandler                          0x08000297   Thumb Code     0  startup_stm32f427xx.o(.text)
    SPI2_IRQHandler                          0x08000297   Thumb Code     0  startup_stm32f427xx.o(.text)
    SPI3_IRQHandler                          0x08000297   Thumb Code     0  startup_stm32f427xx.o(.text)
    SPI4_IRQHandler                          0x08000297   Thumb Code     0  startup_stm32f427xx.o(.text)
    SPI5_IRQHandler                          0x08000297   Thumb Code     0  startup_stm32f427xx.o(.text)
    SPI6_IRQHandler                          0x08000297   Thumb Code     0  startup_stm32f427xx.o(.text)
    TAMP_STAMP_IRQHandler                    0x08000297   Thumb Code     0  startup_stm32f427xx.o(.text)
    TIM1_BRK_TIM9_IRQHandler                 0x08000297   Thumb Code     0  startup_stm32f427xx.o(.text)
    TIM1_CC_IRQHandler                       0x08000297   Thumb Code     0  startup_stm32f427xx.o(.text)
    TIM1_TRG_COM_TIM11_IRQHandler            0x08000297   Thumb Code     0  startup_stm32f427xx.o(.text)
    TIM2_IRQHandler                          0x08000297   Thumb Code     0  startup_stm32f427xx.o(.text)
    TIM3_IRQHandler                          0x08000297   Thumb Code     0  startup_stm32f427xx.o(.text)
    TIM4_IRQHandler                          0x08000297   Thumb Code     0  startup_stm32f427xx.o(.text)
    TIM5_IRQHandler                          0x08000297   Thumb Code     0  startup_stm32f427xx.o(.text)
    TIM6_DAC_IRQHandler                      0x08000297   Thumb Code     0  startup_stm32f427xx.o(.text)
    TIM7_IRQHandler                          0x08000297   Thumb Code     0  startup_stm32f427xx.o(.text)
    TIM8_BRK_TIM12_IRQHandler                0x08000297   Thumb Code     0  startup_stm32f427xx.o(.text)
    TIM8_CC_IRQHandler                       0x08000297   Thumb Code     0  startup_stm32f427xx.o(.text)
    TIM8_TRG_COM_TIM14_IRQHandler            0x08000297   Thumb Code     0  startup_stm32f427xx.o(.text)
    TIM8_UP_TIM13_IRQHandler                 0x08000297   Thumb Code     0  startup_stm32f427xx.o(.text)
    UART4_IRQHandler                         0x08000297   Thumb Code     0  startup_stm32f427xx.o(.text)
    UART5_IRQHandler                         0x08000297   Thumb Code     0  startup_stm32f427xx.o(.text)
    UART7_IRQHandler                         0x08000297   Thumb Code     0  startup_stm32f427xx.o(.text)
    USART2_IRQHandler                        0x08000297   Thumb Code     0  startup_stm32f427xx.o(.text)
    USART3_IRQHandler                        0x08000297   Thumb Code     0  startup_stm32f427xx.o(.text)
    WWDG_IRQHandler                          0x08000297   Thumb Code     0  startup_stm32f427xx.o(.text)
    __aeabi_memcpy                           0x080002a1   Thumb Code    36  memcpya.o(.text)
    __aeabi_memcpy4                          0x080002a1   Thumb Code     0  memcpya.o(.text)
    __aeabi_memcpy8                          0x080002a1   Thumb Code     0  memcpya.o(.text)
    __aeabi_memset                           0x080002c5   Thumb Code    14  memseta.o(.text)
    __aeabi_memset4                          0x080002c5   Thumb Code     0  memseta.o(.text)
    __aeabi_memset8                          0x080002c5   Thumb Code     0  memseta.o(.text)
    __aeabi_memclr                           0x080002d3   Thumb Code     4  memseta.o(.text)
    __aeabi_memclr4                          0x080002d3   Thumb Code     0  memseta.o(.text)
    __aeabi_memclr8                          0x080002d3   Thumb Code     0  memseta.o(.text)
    _memset$wrapper                          0x080002d7   Thumb Code    18  memseta.o(.text)
    strlen                                   0x080002e9   Thumb Code    14  strlen.o(.text)
    strcpy                                   0x080002f7   Thumb Code    18  strcpy.o(.text)
    __aeabi_uidiv                            0x08000309   Thumb Code     0  uidiv.o(.text)
    __aeabi_uidivmod                         0x08000309   Thumb Code    44  uidiv.o(.text)
    __scatterload                            0x08000335   Thumb Code    28  init.o(.text)
    __scatterload_rt2                        0x08000335   Thumb Code     0  init.o(.text)
    Allocate_Motor                           0x08000359   Thumb Code    48  motor_use_can.o(i.Allocate_Motor)
    BSP_Init                                 0x0800038d   Thumb Code   162  bsp.o(i.BSP_Init)
    BusFault_Handler                         0x08000451   Thumb Code     2  stm32f4xx_it.o(i.BusFault_Handler)
    CAN1_RX0_IRQHandler                      0x08000455   Thumb Code     6  stm32f4xx_it.o(i.CAN1_RX0_IRQHandler)
    CAN2_RX0_IRQHandler                      0x08000461   Thumb Code     6  stm32f4xx_it.o(i.CAN2_RX0_IRQHandler)
    CanFilter_Init                           0x080005f9   Thumb Code    74  can.o(i.CanFilter_Init)
    Chassis_Contrl_Task                      0x08000649   Thumb Code   162  chassis_task.o(i.Chassis_Contrl_Task)
    Chassis_Motor                            0x080006fd   Thumb Code    56  motor_use_can.o(i.Chassis_Motor)
    Chassis_pid_init                         0x08000739   Thumb Code   136  chassis_task.o(i.Chassis_pid_init)
    Cloud_Platform_Motor                     0x080007d5   Thumb Code    50  motor_use_can.o(i.Cloud_Platform_Motor)
    DMA1_Stream1_IRQHandler                  0x0800080d   Thumb Code     6  stm32f4xx_it.o(i.DMA1_Stream1_IRQHandler)
    DMA1_Stream6_IRQHandler                  0x08000819   Thumb Code     6  stm32f4xx_it.o(i.DMA1_Stream6_IRQHandler)
    DMA2_Stream1_IRQHandler                  0x08000825   Thumb Code     6  stm32f4xx_it.o(i.DMA2_Stream1_IRQHandler)
    DMA2_Stream2_IRQHandler                  0x08000831   Thumb Code     6  stm32f4xx_it.o(i.DMA2_Stream2_IRQHandler)
    DataPacketParser                         0x080008e1   Thumb Code   194  decode.o(i.DataPacketParser)
    DebugMon_Handler                         0x080009ad   Thumb Code     2  stm32f4xx_it.o(i.DebugMon_Handler)
    Error_Handler                            0x080009af   Thumb Code     2  main.o(i.Error_Handler)
    Friction_Wheel_Motor                     0x080009b1   Thumb Code     4  motor_use_tim.o(i.Friction_Wheel_Motor)
    GUN_Init                                 0x080009b5   Thumb Code    94  motor_use_tim.o(i.GUN_Init)
    Gimbal_Contrl_Task                       0x08000a1d   Thumb Code   322  gimbal_task.o(i.Gimbal_Contrl_Task)
    Gun_Task                                 0x08000b7d   Thumb Code   328  gun_task.o(i.Gun_Task)
    HAL_CAN_ConfigFilter                     0x08000cdd   Thumb Code   218  stm32f4xx_hal_can.o(i.HAL_CAN_ConfigFilter)
    HAL_CAN_ErrorCallback                    0x08000dc1   Thumb Code     2  stm32f4xx_hal_can.o(i.HAL_CAN_ErrorCallback)
    HAL_CAN_IRQHandler                       0x08000dc5   Thumb Code   370  stm32f4xx_hal_can.o(i.HAL_CAN_IRQHandler)
    HAL_CAN_Init                             0x08000f45   Thumb Code   328  stm32f4xx_hal_can.o(i.HAL_CAN_Init)
    HAL_CAN_MspInit                          0x0800108d   Thumb Code   168  can.o(i.HAL_CAN_MspInit)
    HAL_CAN_Receive_IT                       0x0800114d   Thumb Code   134  stm32f4xx_hal_can.o(i.HAL_CAN_Receive_IT)
    HAL_CAN_RxCpltCallback                   0x080011d5   Thumb Code   208  stm32f4xx_it.o(i.HAL_CAN_RxCpltCallback)
    HAL_CAN_Transmit                         0x080012c1   Thumb Code   390  stm32f4xx_hal_can.o(i.HAL_CAN_Transmit)
    HAL_CAN_TxCpltCallback                   0x08001455   Thumb Code     2  stm32f4xx_hal_can.o(i.HAL_CAN_TxCpltCallback)
    HAL_DMA_IRQHandler                       0x08001459   Thumb Code   414  stm32f4xx_hal_dma.o(i.HAL_DMA_IRQHandler)
    HAL_DMA_Init                             0x08001601   Thumb Code   202  stm32f4xx_hal_dma.o(i.HAL_DMA_Init)
    HAL_DMA_Start_IT                         0x080016d1   Thumb Code   120  stm32f4xx_hal_dma.o(i.HAL_DMA_Start_IT)
    HAL_Delay                                0x08001749   Thumb Code    22  stm32f4xx_hal.o(i.HAL_Delay)
    HAL_GPIO_Init                            0x08001761   Thumb Code   408  stm32f4xx_hal_gpio.o(i.HAL_GPIO_Init)
    HAL_GPIO_TogglePin                       0x0800192d   Thumb Code     8  stm32f4xx_hal_gpio.o(i.HAL_GPIO_TogglePin)
    HAL_GPIO_WritePin                        0x08001935   Thumb Code    10  stm32f4xx_hal_gpio.o(i.HAL_GPIO_WritePin)
    HAL_GetTick                              0x08001941   Thumb Code     6  stm32f4xx_hal.o(i.HAL_GetTick)
    HAL_IncTick                              0x0800194d   Thumb Code    10  stm32f4xx_hal.o(i.HAL_IncTick)
    HAL_Init                                 0x0800195d   Thumb Code    48  stm32f4xx_hal.o(i.HAL_Init)
    HAL_InitTick                             0x08001991   Thumb Code   100  stm32f4xx_hal.o(i.HAL_InitTick)
    HAL_MspInit                              0x08001a05   Thumb Code    88  stm32f4xx_hal_msp.o(i.HAL_MspInit)
    HAL_NVIC_EnableIRQ                       0x08001a5d   Thumb Code    22  stm32f4xx_hal_cortex.o(i.HAL_NVIC_EnableIRQ)
    HAL_NVIC_SetPriority                     0x08001a75   Thumb Code    60  stm32f4xx_hal_cortex.o(i.HAL_NVIC_SetPriority)
    HAL_NVIC_SetPriorityGrouping             0x08001ab5   Thumb Code    26  stm32f4xx_hal_cortex.o(i.HAL_NVIC_SetPriorityGrouping)
    HAL_RCC_ClockConfig                      0x08001ad9   Thumb Code   364  stm32f4xx_hal_rcc.o(i.HAL_RCC_ClockConfig)
    HAL_RCC_GetClockConfig                   0x08001c55   Thumb Code    54  stm32f4xx_hal_rcc.o(i.HAL_RCC_GetClockConfig)
    HAL_RCC_GetHCLKFreq                      0x08001c95   Thumb Code     6  stm32f4xx_hal_rcc.o(i.HAL_RCC_GetHCLKFreq)
    HAL_RCC_GetPCLK1Freq                     0x08001ca1   Thumb Code    34  stm32f4xx_hal_rcc.o(i.HAL_RCC_GetPCLK1Freq)
    HAL_RCC_GetPCLK2Freq                     0x08001cd1   Thumb Code    34  stm32f4xx_hal_rcc.o(i.HAL_RCC_GetPCLK2Freq)
    HAL_RCC_GetSysClockFreq                  0x08001d01   Thumb Code   104  stm32f4xx_hal_rcc.o(i.HAL_RCC_GetSysClockFreq)
    HAL_RCC_OscConfig                        0x08001d75   Thumb Code   722  stm32f4xx_hal_rcc.o(i.HAL_RCC_OscConfig)
    HAL_SPI_Init                             0x08002059   Thumb Code   128  stm32f4xx_hal_spi.o(i.HAL_SPI_Init)
    HAL_SPI_MspInit                          0x080020d9   Thumb Code    64  spi.o(i.HAL_SPI_MspInit)
    HAL_SPI_TransmitReceive                  0x08002125   Thumb Code   472  stm32f4xx_hal_spi.o(i.HAL_SPI_TransmitReceive)
    HAL_SYSTICK_CLKSourceConfig              0x080022fd   Thumb Code    24  stm32f4xx_hal_cortex.o(i.HAL_SYSTICK_CLKSourceConfig)
    HAL_SYSTICK_Config                       0x08002315   Thumb Code    40  stm32f4xx_hal_cortex.o(i.HAL_SYSTICK_Config)
    HAL_TIMEx_BreakCallback                  0x0800233d   Thumb Code     2  stm32f4xx_hal_tim_ex.o(i.HAL_TIMEx_BreakCallback)
    HAL_TIMEx_CommutationCallback            0x0800233f   Thumb Code     2  stm32f4xx_hal_tim_ex.o(i.HAL_TIMEx_CommutationCallback)
    HAL_TIMEx_MasterConfigSynchronization    0x08002341   Thumb Code    80  stm32f4xx_hal_tim_ex.o(i.HAL_TIMEx_MasterConfigSynchronization)
    HAL_TIM_Base_Init                        0x08002391   Thumb Code    54  stm32f4xx_hal_tim.o(i.HAL_TIM_Base_Init)
    HAL_TIM_Base_MspInit                     0x080023c9   Thumb Code    52  tim.o(i.HAL_TIM_Base_MspInit)
    HAL_TIM_Base_Start_IT                    0x08002409   Thumb Code    24  stm32f4xx_hal_tim.o(i.HAL_TIM_Base_Start_IT)
    HAL_TIM_ConfigClockSource                0x08002421   Thumb Code   242  stm32f4xx_hal_tim.o(i.HAL_TIM_ConfigClockSource)
    HAL_TIM_IC_CaptureCallback               0x08002513   Thumb Code     2  stm32f4xx_hal_tim.o(i.HAL_TIM_IC_CaptureCallback)
    HAL_TIM_IRQHandler                       0x08002515   Thumb Code   358  stm32f4xx_hal_tim.o(i.HAL_TIM_IRQHandler)
    HAL_TIM_MspPostInit                      0x0800267d   Thumb Code    62  tim.o(i.HAL_TIM_MspPostInit)
    HAL_TIM_OC_DelayElapsedCallback          0x080026c9   Thumb Code     2  stm32f4xx_hal_tim.o(i.HAL_TIM_OC_DelayElapsedCallback)
    HAL_TIM_PWM_ConfigChannel                0x080026cb   Thumb Code   208  stm32f4xx_hal_tim.o(i.HAL_TIM_PWM_ConfigChannel)
    HAL_TIM_PWM_Init                         0x0800279b   Thumb Code    54  stm32f4xx_hal_tim.o(i.HAL_TIM_PWM_Init)
    HAL_TIM_PWM_MspInit                      0x080027d1   Thumb Code     2  stm32f4xx_hal_tim.o(i.HAL_TIM_PWM_MspInit)
    HAL_TIM_PWM_PulseFinishedCallback        0x080027d3   Thumb Code     2  stm32f4xx_hal_tim.o(i.HAL_TIM_PWM_PulseFinishedCallback)
    HAL_TIM_PWM_Start                        0x080027d5   Thumb Code    48  stm32f4xx_hal_tim.o(i.HAL_TIM_PWM_Start)
    HAL_TIM_PeriodElapsedCallback            0x0800280d   Thumb Code    58  stm32f4xx_it.o(i.HAL_TIM_PeriodElapsedCallback)
    HAL_TIM_TriggerCallback                  0x08002859   Thumb Code     2  stm32f4xx_hal_tim.o(i.HAL_TIM_TriggerCallback)
    HAL_UART_ErrorCallback                   0x0800285b   Thumb Code     2  stm32f4xx_hal_uart.o(i.HAL_UART_ErrorCallback)
    HAL_UART_Init                            0x0800285d   Thumb Code    98  stm32f4xx_hal_uart.o(i.HAL_UART_Init)
    HAL_UART_MspInit                         0x080028c1   Thumb Code   478  usart.o(i.HAL_UART_MspInit)
    HAL_UART_Receive_DMA                     0x08002ad5   Thumb Code   132  stm32f4xx_hal_uart.o(i.HAL_UART_Receive_DMA)
    HAL_UART_RxCpltCallback                  0x08002b65   Thumb Code    36  stm32f4xx_it.o(i.HAL_UART_RxCpltCallback)
    HAL_UART_RxHalfCpltCallback              0x08002b99   Thumb Code     2  stm32f4xx_hal_uart.o(i.HAL_UART_RxHalfCpltCallback)
    HAL_UART_Transmit                        0x08002b9b   Thumb Code   186  stm32f4xx_hal_uart.o(i.HAL_UART_Transmit)
    HardFault_Handler                        0x08002c55   Thumb Code     2  stm32f4xx_it.o(i.HardFault_Handler)
    IMU_Get_Data                             0x08002c59   Thumb Code   172  communication.o(i.IMU_Get_Data)
    MPU6500_Init                             0x08002d0d   Thumb Code   212  communication.o(i.MPU6500_Init)
    MPU6500_Read_Reg                         0x08002df1   Thumb Code    68  communication.o(i.MPU6500_Read_Reg)
    MPU6500_Read_Regs                        0x08002e41   Thumb Code    80  communication.o(i.MPU6500_Read_Regs)
    MPU6500_Write_Reg                        0x08002e9d   Thumb Code    72  communication.o(i.MPU6500_Write_Reg)
    MX_CAN1_Init                             0x08002ef1   Thumb Code    60  can.o(i.MX_CAN1_Init)
    MX_CAN2_Init                             0x08002f35   Thumb Code    60  can.o(i.MX_CAN2_Init)
    MX_DMA_Init                              0x08002f79   Thumb Code   104  dma.o(i.MX_DMA_Init)
    MX_FREERTOS_Init                         0x08002fe5   Thumb Code   162  freertos.o(i.MX_FREERTOS_Init)
    MX_GPIO_Init                             0x08003091   Thumb Code   366  gpio.o(i.MX_GPIO_Init)
    MX_SPI5_Init                             0x08003221   Thumb Code    62  spi.o(i.MX_SPI5_Init)
    MX_TIM12_Init                            0x08003269   Thumb Code   122  tim.o(i.MX_TIM12_Init)
    MX_TIM5_Init                             0x080032ed   Thumb Code   142  tim.o(i.MX_TIM5_Init)
    MX_UART8_Init                            0x08003385   Thumb Code    48  usart.o(i.MX_UART8_Init)
    MX_USART1_UART_Init                      0x080033bd   Thumb Code    46  usart.o(i.MX_USART1_UART_Init)
    MX_USART3_UART_Init                      0x080033f9   Thumb Code    48  usart.o(i.MX_USART3_UART_Init)
    MX_USART6_UART_Init                      0x08003431   Thumb Code    48  usart.o(i.MX_USART6_UART_Init)
    MemManage_Handler                        0x08003469   Thumb Code     2  stm32f4xx_it.o(i.MemManage_Handler)
    MouseKeyControlProcess                   0x0800346d   Thumb Code   576  data_pro_task.o(i.MouseKeyControlProcess)
    NMI_Handler                              0x080036d5   Thumb Code     2  stm32f4xx_it.o(i.NMI_Handler)
    PID_struct_init                          0x080036f9   Thumb Code    16  pid.o(i.PID_struct_init)
    Referee_Data_Task                        0x08003711   Thumb Code   142  data_pro_task.o(i.Referee_Data_Task)
    RemoteControlProcess                     0x080037b1   Thumb Code   156  data_pro_task.o(i.RemoteControlProcess)
    Remote_Ctrl                              0x0800386d   Thumb Code   100  communication.o(i.Remote_Ctrl)
    Remote_Data_Task                         0x080038d5   Thumb Code   326  data_pro_task.o(i.Remote_Data_Task)
    StartDefaultTask                         0x08003aeb   Thumb Code     8  freertos.o(i.StartDefaultTask)
    SysTick_Handler                          0x08003af3   Thumb Code     4  stm32f4xx_it.o(i.SysTick_Handler)
    SystemClock_Config                       0x08003af9   Thumb Code   150  main.o(i.SystemClock_Config)
    SystemInit                               0x08003b99   Thumb Code    66  system_stm32f4xx.o(i.SystemInit)
    TIM1_UP_TIM10_IRQHandler                 0x08003bed   Thumb Code     6  stm32f4xx_it.o(i.TIM1_UP_TIM10_IRQHandler)
    TIM5_PWM_Init                            0x08003bf9   Thumb Code    10  motor_use_tim.o(i.TIM5_PWM_Init)
    TIM_Base_SetConfig                       0x08003c09   Thumb Code   148  stm32f4xx_hal_tim.o(i.TIM_Base_SetConfig)
    TIM_CCxChannelCmd                        0x08003cc9   Thumb Code    22  stm32f4xx_hal_tim.o(i.TIM_CCxChannelCmd)
    TIM_OC2_SetConfig                        0x08003d5d   Thumb Code    90  stm32f4xx_hal_tim.o(i.TIM_OC2_SetConfig)
    UART8_IRQHandler                         0x08003eb9   Thumb Code    92  stm32f4xx_it.o(i.UART8_IRQHandler)
    USART1_IRQHandler                        0x080042f5   Thumb Code    56  stm32f4xx_it.o(i.USART1_IRQHandler)
    USART6_IRQHandler                        0x08004339   Thumb Code    56  stm32f4xx_it.o(i.USART6_IRQHandler)
    UartRxMacControler                       0x0800437d   Thumb Code    86  atom_imu.o(i.UartRxMacControler)
    UsageFault_Handler                       0x080043e1   Thumb Code     2  stm32f4xx_it.o(i.UsageFault_Handler)
    __0printf$3                              0x080043e5   Thumb Code    22  printf3.o(i.__0printf$3)
    __1printf$3                              0x080043e5   Thumb Code     0  printf3.o(i.__0printf$3)
    __2printf                                0x080043e5   Thumb Code     0  printf3.o(i.__0printf$3)
    __0sprintf$3                             0x08004405   Thumb Code    34  printf3.o(i.__0sprintf$3)
    __1sprintf$3                             0x08004405   Thumb Code     0  printf3.o(i.__0sprintf$3)
    __2sprintf                               0x08004405   Thumb Code     0  printf3.o(i.__0sprintf$3)
    __scatterload_copy                       0x0800442d   Thumb Code    14  handlers.o(i.__scatterload_copy)
    __scatterload_null                       0x0800443b   Thumb Code     2  handlers.o(i.__scatterload_null)
    __scatterload_zeroinit                   0x0800443d   Thumb Code    14  handlers.o(i.__scatterload_zeroinit)
    abs_limit                                0x0800460f   Thumb Code    42  pid.o(i.abs_limit)
    fputc                                    0x08004639   Thumb Code    20  usart.o(i.fputc)
    get_crc16_check_sum                      0x08004651   Thumb Code    38  protocol.o(i.get_crc16_check_sum)
    get_crc8_check_sum                       0x0800467d   Thumb Code    26  protocol.o(i.get_crc8_check_sum)
    get_moto_measure                         0x0800469d   Thumb Code    74  motor_use_can.o(i.get_moto_measure)
    get_moto_offset                          0x080046e7   Thumb Code    12  motor_use_can.o(i.get_moto_offset)
    gimbal_pid_init                          0x080046f5   Thumb Code   152  gimbal_task.o(i.gimbal_pid_init)
    hard_brak                                0x0800479d   Thumb Code    40  data_pro_task.o(i.hard_brak)
    main                                     0x080047d5   Thumb Code    22  main.o(i.main)
    motor_move_setvmmps                      0x080047f7   Thumb Code    42  mecanum_calc.o(i.motor_move_setvmmps)
    osDelay                                  0x08004821   Thumb Code    14  cmsis_os.o(i.osDelay)
    osKernelStart                            0x0800482f   Thumb Code    10  cmsis_os.o(i.osKernelStart)
    osSystickHandler                         0x08004839   Thumb Code    20  cmsis_os.o(i.osSystickHandler)
    osThreadCreate                           0x0800484d   Thumb Code    56  cmsis_os.o(i.osThreadCreate)
    osThreadList                             0x08004885   Thumb Code    10  cmsis_os.o(i.osThreadList)
    pid_calc                                 0x08004891   Thumb Code   448  pid.o(i.pid_calc)
    pvPortMalloc                             0x08004c85   Thumb Code   210  heap_4.o(i.pvPortMalloc)
    pxPortInitialiseStack                    0x08004d5d   Thumb Code    36  port.o(i.pxPortInitialiseStack)
    testTask                                 0x08004d85   Thumb Code    40  main.o(i.testTask)
    ulTaskNotifyTake                         0x08004db9   Thumb Code   142  tasks.o(i.ulTaskNotifyTake)
    uxListRemove                             0x08004e55   Thumb Code    36  list.o(i.uxListRemove)
    uxTaskGetSystemState                     0x08004e79   Thumb Code   140  tasks.o(i.uxTaskGetSystemState)
    vListInitialise                          0x08004f0d   Thumb Code    22  list.o(i.vListInitialise)
    vListInitialiseItem                      0x08004f23   Thumb Code     6  list.o(i.vListInitialiseItem)
    vListInsert                              0x08004f29   Thumb Code    48  list.o(i.vListInsert)
    vListInsertEnd                           0x08004f59   Thumb Code    24  list.o(i.vListInsertEnd)
    vPortEnterCritical                       0x08004f71   Thumb Code    54  port.o(i.vPortEnterCritical)
    vPortExitCritical                        0x08004fb1   Thumb Code    34  port.o(i.vPortExitCritical)
    vPortFree                                0x08004fd9   Thumb Code    88  heap_4.o(i.vPortFree)
    vPortSetupTimerInterrupt                 0x08005035   Thumb Code    26  port.o(i.vPortSetupTimerInterrupt)
    vTaskDelay                               0x08005055   Thumb Code    94  tasks.o(i.vTaskDelay)
    vTaskList                                0x080050bd   Thumb Code   178  tasks.o(i.vTaskList)
    vTaskStartScheduler                      0x08005185   Thumb Code    86  tasks.o(i.vTaskStartScheduler)
    vTaskSuspendAll                          0x080051ed   Thumb Code    10  tasks.o(i.vTaskSuspendAll)
    vTaskSwitchContext                       0x080051fd   Thumb Code    82  tasks.o(i.vTaskSwitchContext)
    verify_crc16_check_sum                   0x08005259   Thumb Code    54  protocol.o(i.verify_crc16_check_sum)
    verify_crc8_check_sum                    0x08005295   Thumb Code    42  protocol.o(i.verify_crc8_check_sum)
    xPortStartScheduler                      0x080052c1   Thumb Code   202  port.o(i.xPortStartScheduler)
    xPortSysTickHandler                      0x080053a1   Thumb Code    38  port.o(i.xPortSysTickHandler)
    xTaskGenericCreate                       0x080053cd   Thumb Code   430  tasks.o(i.xTaskGenericCreate)
    xTaskGetSchedulerState                   0x08005589   Thumb Code    22  tasks.o(i.xTaskGetSchedulerState)
    xTaskIncrementTick                       0x080055a5   Thumb Code   194  tasks.o(i.xTaskIncrementTick)
    xTaskResumeAll                           0x08005671   Thumb Code   182  tasks.o(i.xTaskResumeAll)
    APBAHBPrescTable                         0x08005734   Data          16  stm32f4xx_hal_rcc.o(.constdata)
    CRC8_TAB                                 0x080057d8   Data         256  protocol.o(.constdata)
    wCRC_Table                               0x080058d8   Data         512  protocol.o(.constdata)
    Region$$Table$$Base                      0x08005b58   Number         0  anon$$obj.o(Region$$Table)
    Region$$Table$$Limit                     0x08005b78   Number         0  anon$$obj.o(Region$$Table)
    SystemCoreClock                          0x20000000   Data           4  system_stm32f4xx.o(.data)
    pxCurrentTCB                             0x20000004   Data           4  tasks.o(.data)
    uwTick                                   0x20000060   Data           4  stm32f4xx_hal.o(.data)
    defaultTaskHandle                        0x20000068   Data           4  freertos.o(.data)
    testTaskHandle                           0x2000006c   Data           4  freertos.o(.data)
    ChassisTaskHandle                        0x20000070   Data           4  freertos.o(.data)
    RemoteDataTaskHandle                     0x20000074   Data           4  freertos.o(.data)
    RefereeDataTaskHandle                    0x20000078   Data           4  freertos.o(.data)
    GimbalTaskHandle                         0x2000007c   Data           4  freertos.o(.data)
    GunTaskHandle                            0x20000080   Data           4  freertos.o(.data)
    CRC_INIT                                 0x20000088   Data           2  protocol.o(.data)
    MPU_id                                   0x2000008c   Data           1  communication.o(.data)
    ptr_jy901_t_yaw                          0x2000009c   Data           4  communication.o(.data)
    ptr_jy901_t_pit                          0x200000a0   Data           4  communication.o(.data)
    USART1_RX_NUM                            0x200000b2   Data           2  communication.o(.data)
    USART6_RX_NUM                            0x200000b4   Data           2  communication.o(.data)
    receiveAck                               0x200000b6   Data           1  atom_imu.o(.data)
    errorCode_Ack                            0x200000b7   Data           1  atom_imu.o(.data)
    receiveCid                               0x200000b8   Data           1  atom_imu.o(.data)
    receiveMid                               0x200000b9   Data           1  atom_imu.o(.data)
    USART8_RX_NUM                            0x200000ba   Data           2  atom_imu.o(.data)
    moto_3508_set                            0x200000bc   Data           4  chassis_task.o(.data)
    press_counter                            0x200000c0   Data           1  data_pro_task.o(.data)
    XY_speed_max                             0x200000c2   Data           2  data_pro_task.o(.data)
    XY_speed_min                             0x200000c4   Data           2  data_pro_task.o(.data)
    W_speed_max                              0x200000c6   Data           2  data_pro_task.o(.data)
    W_speed_min                              0x200000c8   Data           2  data_pro_task.o(.data)
    remain_power                             0x200000cc   Data           4  data_pro_task.o(.data)
    yaw_set                                  0x200000d4   Data           4  gimbal_task.o(.data)
    pit_set                                  0x200000d8   Data           4  gimbal_task.o(.data)
    ptr_heat_gun_t                           0x200000dc   Data           4  gun_task.o(.data)
    __stdout                                 0x200000e0   Data           4  stdout.o(.data)
    htim1                                    0x20003dd4   Data          60  stm32f4xx_hal.o(.bss)
    htim5                                    0x20003e10   Data          60  tim.o(.bss)
    htim12                                   0x20003e4c   Data          60  tim.o(.bss)
    hspi5                                    0x20003e88   Data          88  spi.o(.bss)
    huart8                                   0x20003ee0   Data          64  usart.o(.bss)
    huart1                                   0x20003f20   Data          64  usart.o(.bss)
    huart3                                   0x20003f60   Data          64  usart.o(.bss)
    huart6                                   0x20003fa0   Data          64  usart.o(.bss)
    hdma_uart8_rx                            0x20003fe0   Data          96  usart.o(.bss)
    hdma_usart1_rx                           0x20004040   Data          96  usart.o(.bss)
    hdma_usart3_rx                           0x200040a0   Data          96  usart.o(.bss)
    hdma_usart6_rx                           0x20004100   Data          96  usart.o(.bss)
    hcan1                                    0x200041e0   Data          64  can.o(.bss)
    hcan2                                    0x20004220   Data          64  can.o(.bss)
    moto_chassis_get                         0x20004260   Data         176  motor_use_can.o(.bss)
    moto_dial_get                            0x20004310   Data          44  motor_use_can.o(.bss)
    pit_get                                  0x2000433c   Data          44  motor_use_can.o(.bss)
    yaw_get                                  0x20004368   Data          44  motor_use_can.o(.bss)
    imu_data                                 0x200043e8   Data          20  communication.o(.bss)
    imu_data_offest                          0x200043fc   Data          20  communication.o(.bss)
    USART1_RX_DATA                           0x20004440   Data         100  communication.o(.bss)
    UART8_RX_DATA                            0x200044a4   Data         100  communication.o(.bss)
    gy_data_filter                           0x20004508   Data          10  communication.o(.bss)
    gz_data_filter                           0x20004512   Data          10  communication.o(.bss)
    RC_Ctl                                   0x2000451c   Data          20  communication.o(.bss)
    USART6_RX_DATA                           0x20004530   Data         100  communication.o(.bss)
    UartData                                 0x20004594   Data        1024  atom_imu.o(.bss)
    HOST_Buffer                              0x20004994   Data        2064  atom_imu.o(.bss)
    saberDataHandle                          0x200051a4   Data          52  decode.o(.bss)
    pid_3508_pos                             0x200051d8   Data         432  chassis_task.o(.bss)
    pid_3508_spd                             0x20005388   Data         432  chassis_task.o(.bss)
    pid_yaw                                  0x20005538   Data         108  gimbal_task.o(.bss)
    pid_yaw_jy901                            0x200055a4   Data         108  gimbal_task.o(.bss)
    pid_pit                                  0x20005610   Data         108  gimbal_task.o(.bss)
    pid_yaw_spd                              0x2000567c   Data         108  gimbal_task.o(.bss)
    pid_pit_spd                              0x200056e8   Data         108  gimbal_task.o(.bss)
    pid_yaw_saber                            0x20005754   Data         108  gimbal_task.o(.bss)
    pid_yaw_saber_spd                        0x200057c0   Data         108  gimbal_task.o(.bss)
    pid_pit_saber_spd                        0x2000582c   Data         108  gimbal_task.o(.bss)
    pid_dial_pos                             0x20005898   Data         108  gun_task.o(.bss)
    pid_dial_spd                             0x20005904   Data         108  gun_task.o(.bss)
    __initial_sp                             0x20005d70   Data           0  startup_stm32f427xx.o(STACK)



==============================================================================

Memory Map of the image

  Image Entry point : 0x080001ad

  Load Region LR_IROM1 (Base: 0x08000000, Size: 0x00005c5c, Max: 0x00200000, ABSOLUTE)

    Execution Region ER_IROM1 (Exec base: 0x08000000, Load base: 0x08000000, Size: 0x00005b78, Max: 0x00200000, ABSOLUTE)

    Exec Addr    Load Addr    Size         Type   Attr      Idx    E Section Name        Object

    0x08000000   0x08000000   0x000001ac   Data   RO            3    RESET               startup_stm32f427xx.o
    0x080001ac   0x080001ac   0x00000000   Code   RO         5211  * .ARM.Collect$$$$00000000  mc_w.l(entry.o)
    0x080001ac   0x080001ac   0x00000004   Code   RO         5491    .ARM.Collect$$$$00000001  mc_w.l(entry2.o)
    0x080001b0   0x080001b0   0x00000004   Code   RO         5494    .ARM.Collect$$$$00000004  mc_w.l(entry5.o)
    0x080001b4   0x080001b4   0x00000000   Code   RO         5496    .ARM.Collect$$$$00000008  mc_w.l(entry7b.o)
    0x080001b4   0x080001b4   0x00000000   Code   RO         5498    .ARM.Collect$$$$0000000A  mc_w.l(entry8b.o)
    0x080001b4   0x080001b4   0x00000008   Code   RO         5499    .ARM.Collect$$$$0000000B  mc_w.l(entry9a.o)
    0x080001bc   0x080001bc   0x00000000   Code   RO         5501    .ARM.Collect$$$$0000000D  mc_w.l(entry10a.o)
    0x080001bc   0x080001bc   0x00000000   Code   RO         5503    .ARM.Collect$$$$0000000F  mc_w.l(entry11a.o)
    0x080001bc   0x080001bc   0x00000004   Code   RO         5492    .ARM.Collect$$$$00002712  mc_w.l(entry2.o)
    0x080001c0   0x080001c0   0x000000ba   Code   RO         1167    .emb_text           port.o
    0x0800027a   0x0800027a   0x00000002   PAD
    0x0800027c   0x0800027c   0x00000024   Code   RO            4    .text               startup_stm32f427xx.o
    0x080002a0   0x080002a0   0x00000024   Code   RO         5214    .text               mc_w.l(memcpya.o)
    0x080002c4   0x080002c4   0x00000024   Code   RO         5216    .text               mc_w.l(memseta.o)
    0x080002e8   0x080002e8   0x0000000e   Code   RO         5218    .text               mc_w.l(strlen.o)
    0x080002f6   0x080002f6   0x00000012   Code   RO         5220    .text               mc_w.l(strcpy.o)
    0x08000308   0x08000308   0x0000002c   Code   RO         5506    .text               mc_w.l(uidiv.o)
    0x08000334   0x08000334   0x00000024   Code   RO         5523    .text               mc_w.l(init.o)
    0x08000358   0x08000358   0x00000034   Code   RO         4485    i.Allocate_Motor    motor_use_can.o
    0x0800038c   0x0800038c   0x000000c4   Code   RO         4461    i.BSP_Init          bsp.o
    0x08000450   0x08000450   0x00000002   Code   RO         3961    i.BusFault_Handler  stm32f4xx_it.o
    0x08000452   0x08000452   0x00000002   PAD
    0x08000454   0x08000454   0x0000000c   Code   RO         3962    i.CAN1_RX0_IRQHandler  stm32f4xx_it.o
    0x08000460   0x08000460   0x0000000c   Code   RO         3963    i.CAN2_RX0_IRQHandler  stm32f4xx_it.o
    0x0800046c   0x0800046c   0x0000012c   Code   RO         1990    i.CAN_Receive_IT    stm32f4xx_hal_can.o
    0x08000598   0x08000598   0x00000060   Code   RO         1991    i.CAN_Transmit_IT   stm32f4xx_hal_can.o
    0x080005f8   0x080005f8   0x00000050   Code   RO         4406    i.CanFilter_Init    can.o
    0x08000648   0x08000648   0x000000b4   Code   RO         5018    i.Chassis_Contrl_Task  chassis_task.o
    0x080006fc   0x080006fc   0x0000003c   Code   RO         4486    i.Chassis_Motor     motor_use_can.o
    0x08000738   0x08000738   0x0000009c   Code   RO         5019    i.Chassis_pid_init  chassis_task.o
    0x080007d4   0x080007d4   0x00000038   Code   RO         4487    i.Cloud_Platform_Motor  motor_use_can.o
    0x0800080c   0x0800080c   0x0000000c   Code   RO         3964    i.DMA1_Stream1_IRQHandler  stm32f4xx_it.o
    0x08000818   0x08000818   0x0000000c   Code   RO         3965    i.DMA1_Stream6_IRQHandler  stm32f4xx_it.o
    0x08000824   0x08000824   0x0000000c   Code   RO         3966    i.DMA2_Stream1_IRQHandler  stm32f4xx_it.o
    0x08000830   0x08000830   0x0000000c   Code   RO         3967    i.DMA2_Stream2_IRQHandler  stm32f4xx_it.o
    0x0800083c   0x0800083c   0x00000028   Code   RO         3451    i.DMA_CalcBaseAndBitshift  stm32f4xx_hal_dma.o
    0x08000864   0x08000864   0x00000054   Code   RO         3452    i.DMA_CheckFifoParam  stm32f4xx_hal_dma.o
    0x080008b8   0x080008b8   0x00000028   Code   RO         3453    i.DMA_SetConfig     stm32f4xx_hal_dma.o
    0x080008e0   0x080008e0   0x000000cc   Code   RO         4977    i.DataPacketParser  decode.o
    0x080009ac   0x080009ac   0x00000002   Code   RO         3968    i.DebugMon_Handler  stm32f4xx_it.o
    0x080009ae   0x080009ae   0x00000002   Code   RO         3836    i.Error_Handler     main.o
    0x080009b0   0x080009b0   0x00000004   Code   RO         4549    i.Friction_Wheel_Motor  motor_use_tim.o
    0x080009b4   0x080009b4   0x00000068   Code   RO         4551    i.GUN_Init          motor_use_tim.o
    0x08000a1c   0x08000a1c   0x00000160   Code   RO         5134    i.Gimbal_Contrl_Task  gimbal_task.o
    0x08000b7c   0x08000b7c   0x00000160   Code   RO         5176    i.Gun_Task          gun_task.o
    0x08000cdc   0x08000cdc   0x000000e4   Code   RO         1992    i.HAL_CAN_ConfigFilter  stm32f4xx_hal_can.o
    0x08000dc0   0x08000dc0   0x00000002   Code   RO         1994    i.HAL_CAN_ErrorCallback  stm32f4xx_hal_can.o
    0x08000dc2   0x08000dc2   0x00000002   PAD
    0x08000dc4   0x08000dc4   0x00000180   Code   RO         1997    i.HAL_CAN_IRQHandler  stm32f4xx_hal_can.o
    0x08000f44   0x08000f44   0x00000148   Code   RO         1998    i.HAL_CAN_Init      stm32f4xx_hal_can.o
    0x0800108c   0x0800108c   0x000000c0   Code   RO         4408    i.HAL_CAN_MspInit   can.o
    0x0800114c   0x0800114c   0x00000086   Code   RO         2002    i.HAL_CAN_Receive_IT  stm32f4xx_hal_can.o
    0x080011d2   0x080011d2   0x00000002   PAD
    0x080011d4   0x080011d4   0x000000ec   Code   RO         3969    i.HAL_CAN_RxCpltCallback  stm32f4xx_it.o
    0x080012c0   0x080012c0   0x00000194   Code   RO         2005    i.HAL_CAN_Transmit  stm32f4xx_hal_can.o
    0x08001454   0x08001454   0x00000002   Code   RO         2007    i.HAL_CAN_TxCpltCallback  stm32f4xx_hal_can.o
    0x08001456   0x08001456   0x00000002   PAD
    0x08001458   0x08001458   0x000001a8   Code   RO         3459    i.HAL_DMA_IRQHandler  stm32f4xx_hal_dma.o
    0x08001600   0x08001600   0x000000d0   Code   RO         3460    i.HAL_DMA_Init      stm32f4xx_hal_dma.o
    0x080016d0   0x080016d0   0x00000078   Code   RO         3464    i.HAL_DMA_Start_IT  stm32f4xx_hal_dma.o
    0x08001748   0x08001748   0x00000016   Code   RO         2715    i.HAL_Delay         stm32f4xx_hal.o
    0x0800175e   0x0800175e   0x00000002   PAD
    0x08001760   0x08001760   0x000001cc   Code   RO         1927    i.HAL_GPIO_Init     stm32f4xx_hal_gpio.o
    0x0800192c   0x0800192c   0x00000008   Code   RO         1930    i.HAL_GPIO_TogglePin  stm32f4xx_hal_gpio.o
    0x08001934   0x08001934   0x0000000a   Code   RO         1931    i.HAL_GPIO_WritePin  stm32f4xx_hal_gpio.o
    0x0800193e   0x0800193e   0x00000002   PAD
    0x08001940   0x08001940   0x0000000c   Code   RO         2723    i.HAL_GetTick       stm32f4xx_hal.o
    0x0800194c   0x0800194c   0x00000010   Code   RO         2724    i.HAL_IncTick       stm32f4xx_hal.o
    0x0800195c   0x0800195c   0x00000034   Code   RO         2725    i.HAL_Init          stm32f4xx_hal.o
    0x08001990   0x08001990   0x00000074   Code   RO         2726    i.HAL_InitTick      stm32f4xx_hal.o
    0x08001a04   0x08001a04   0x00000058   Code   RO         3937    i.HAL_MspInit       stm32f4xx_hal_msp.o
    0x08001a5c   0x08001a5c   0x00000016   Code   RO         2488    i.HAL_NVIC_EnableIRQ  stm32f4xx_hal_cortex.o
    0x08001a72   0x08001a72   0x00000002   PAD
    0x08001a74   0x08001a74   0x00000040   Code   RO         2494    i.HAL_NVIC_SetPriority  stm32f4xx_hal_cortex.o
    0x08001ab4   0x08001ab4   0x00000024   Code   RO         2495    i.HAL_NVIC_SetPriorityGrouping  stm32f4xx_hal_cortex.o
    0x08001ad8   0x08001ad8   0x0000017c   Code   RO         3108    i.HAL_RCC_ClockConfig  stm32f4xx_hal_rcc.o
    0x08001c54   0x08001c54   0x00000040   Code   RO         3112    i.HAL_RCC_GetClockConfig  stm32f4xx_hal_rcc.o
    0x08001c94   0x08001c94   0x0000000c   Code   RO         3113    i.HAL_RCC_GetHCLKFreq  stm32f4xx_hal_rcc.o
    0x08001ca0   0x08001ca0   0x00000030   Code   RO         3115    i.HAL_RCC_GetPCLK1Freq  stm32f4xx_hal_rcc.o
    0x08001cd0   0x08001cd0   0x00000030   Code   RO         3116    i.HAL_RCC_GetPCLK2Freq  stm32f4xx_hal_rcc.o
    0x08001d00   0x08001d00   0x00000074   Code   RO         3117    i.HAL_RCC_GetSysClockFreq  stm32f4xx_hal_rcc.o
    0x08001d74   0x08001d74   0x000002e4   Code   RO         3120    i.HAL_RCC_OscConfig  stm32f4xx_hal_rcc.o
    0x08002058   0x08002058   0x00000080   Code   RO         3565    i.HAL_SPI_Init      stm32f4xx_hal_spi.o
    0x080020d8   0x080020d8   0x0000004c   Code   RO         4282    i.HAL_SPI_MspInit   spi.o
    0x08002124   0x08002124   0x000001d8   Code   RO         3574    i.HAL_SPI_TransmitReceive  stm32f4xx_hal_spi.o
    0x080022fc   0x080022fc   0x00000018   Code   RO         2497    i.HAL_SYSTICK_CLKSourceConfig  stm32f4xx_hal_cortex.o
    0x08002314   0x08002314   0x00000028   Code   RO         2499    i.HAL_SYSTICK_Config  stm32f4xx_hal_cortex.o
    0x0800233c   0x0800233c   0x00000002   Code   RO         3212    i.HAL_TIMEx_BreakCallback  stm32f4xx_hal_tim_ex.o
    0x0800233e   0x0800233e   0x00000002   Code   RO         3213    i.HAL_TIMEx_CommutationCallback  stm32f4xx_hal_tim_ex.o
    0x08002340   0x08002340   0x00000050   Code   RO         3229    i.HAL_TIMEx_MasterConfigSynchronization  stm32f4xx_hal_tim_ex.o
    0x08002390   0x08002390   0x00000036   Code   RO         1277    i.HAL_TIM_Base_Init  stm32f4xx_hal_tim.o
    0x080023c6   0x080023c6   0x00000002   PAD
    0x080023c8   0x080023c8   0x00000040   Code   RO         4203    i.HAL_TIM_Base_MspInit  tim.o
    0x08002408   0x08002408   0x00000018   Code   RO         1282    i.HAL_TIM_Base_Start_IT  stm32f4xx_hal_tim.o
    0x08002420   0x08002420   0x000000f2   Code   RO         1286    i.HAL_TIM_ConfigClockSource  stm32f4xx_hal_tim.o
    0x08002512   0x08002512   0x00000002   Code   RO         1306    i.HAL_TIM_IC_CaptureCallback  stm32f4xx_hal_tim.o
    0x08002514   0x08002514   0x00000166   Code   RO         1319    i.HAL_TIM_IRQHandler  stm32f4xx_hal_tim.o
    0x0800267a   0x0800267a   0x00000002   PAD
    0x0800267c   0x0800267c   0x0000004c   Code   RO         4204    i.HAL_TIM_MspPostInit  tim.o
    0x080026c8   0x080026c8   0x00000002   Code   RO         1322    i.HAL_TIM_OC_DelayElapsedCallback  stm32f4xx_hal_tim.o
    0x080026ca   0x080026ca   0x000000d0   Code   RO         1343    i.HAL_TIM_PWM_ConfigChannel  stm32f4xx_hal_tim.o
    0x0800279a   0x0800279a   0x00000036   Code   RO         1346    i.HAL_TIM_PWM_Init  stm32f4xx_hal_tim.o
    0x080027d0   0x080027d0   0x00000002   Code   RO         1348    i.HAL_TIM_PWM_MspInit  stm32f4xx_hal_tim.o
    0x080027d2   0x080027d2   0x00000002   Code   RO         1349    i.HAL_TIM_PWM_PulseFinishedCallback  stm32f4xx_hal_tim.o
    0x080027d4   0x080027d4   0x00000038   Code   RO         1350    i.HAL_TIM_PWM_Start  stm32f4xx_hal_tim.o
    0x0800280c   0x0800280c   0x0000004c   Code   RO         3970    i.HAL_TIM_PeriodElapsedCallback  stm32f4xx_it.o
    0x08002858   0x08002858   0x00000002   Code   RO         1360    i.HAL_TIM_TriggerCallback  stm32f4xx_hal_tim.o
    0x0800285a   0x0800285a   0x00000002   Code   RO         2245    i.HAL_UART_ErrorCallback  stm32f4xx_hal_uart.o
    0x0800285c   0x0800285c   0x00000062   Code   RO         2249    i.HAL_UART_Init     stm32f4xx_hal_uart.o
    0x080028be   0x080028be   0x00000002   PAD
    0x080028c0   0x080028c0   0x00000214   Code   RO         4324    i.HAL_UART_MspInit  usart.o
    0x08002ad4   0x08002ad4   0x00000090   Code   RO         2253    i.HAL_UART_Receive_DMA  stm32f4xx_hal_uart.o
    0x08002b64   0x08002b64   0x00000034   Code   RO         3971    i.HAL_UART_RxCpltCallback  stm32f4xx_it.o
    0x08002b98   0x08002b98   0x00000002   Code   RO         2256    i.HAL_UART_RxHalfCpltCallback  stm32f4xx_hal_uart.o
    0x08002b9a   0x08002b9a   0x000000ba   Code   RO         2257    i.HAL_UART_Transmit  stm32f4xx_hal_uart.o
    0x08002c54   0x08002c54   0x00000002   Code   RO         3972    i.HardFault_Handler  stm32f4xx_it.o
    0x08002c56   0x08002c56   0x00000002   PAD
    0x08002c58   0x08002c58   0x000000b4   Code   RO         4787    i.IMU_Get_Data      communication.o
    0x08002d0c   0x08002d0c   0x000000e4   Code   RO         4792    i.MPU6500_Init      communication.o
    0x08002df0   0x08002df0   0x00000050   Code   RO         4793    i.MPU6500_Read_Reg  communication.o
    0x08002e40   0x08002e40   0x0000005c   Code   RO         4794    i.MPU6500_Read_Regs  communication.o
    0x08002e9c   0x08002e9c   0x00000054   Code   RO         4797    i.MPU6500_Write_Reg  communication.o
    0x08002ef0   0x08002ef0   0x00000044   Code   RO         4409    i.MX_CAN1_Init      can.o
    0x08002f34   0x08002f34   0x00000044   Code   RO         4410    i.MX_CAN2_Init      can.o
    0x08002f78   0x08002f78   0x0000006c   Code   RO         4257    i.MX_DMA_Init       dma.o
    0x08002fe4   0x08002fe4   0x000000ac   Code   RO         4103    i.MX_FREERTOS_Init  freertos.o
    0x08003090   0x08003090   0x00000190   Code   RO         4179    i.MX_GPIO_Init      gpio.o
    0x08003220   0x08003220   0x00000048   Code   RO         4283    i.MX_SPI5_Init      spi.o
    0x08003268   0x08003268   0x00000084   Code   RO         4206    i.MX_TIM12_Init     tim.o
    0x080032ec   0x080032ec   0x00000098   Code   RO         4207    i.MX_TIM5_Init      tim.o
    0x08003384   0x08003384   0x00000038   Code   RO         4325    i.MX_UART8_Init     usart.o
    0x080033bc   0x080033bc   0x0000003c   Code   RO         4326    i.MX_USART1_UART_Init  usart.o
    0x080033f8   0x080033f8   0x00000038   Code   RO         4327    i.MX_USART3_UART_Init  usart.o
    0x08003430   0x08003430   0x00000038   Code   RO         4328    i.MX_USART6_UART_Init  usart.o
    0x08003468   0x08003468   0x00000002   Code   RO         3973    i.MemManage_Handler  stm32f4xx_it.o
    0x0800346a   0x0800346a   0x00000002   PAD
    0x0800346c   0x0800346c   0x00000268   Code   RO         5062    i.MouseKeyControlProcess  data_pro_task.o
    0x080036d4   0x080036d4   0x00000002   Code   RO         3974    i.NMI_Handler       stm32f4xx_it.o
    0x080036d6   0x080036d6   0x00000020   Code   RO         2501    i.NVIC_SetPriority  stm32f4xx_hal_cortex.o
    0x080036f6   0x080036f6   0x00000002   PAD
    0x080036f8   0x080036f8   0x00000018   Code   RO         4625    i.PID_struct_init   pid.o
    0x08003710   0x08003710   0x000000a0   Code   RO         5063    i.Referee_Data_Task  data_pro_task.o
    0x080037b0   0x080037b0   0x000000bc   Code   RO         5064    i.RemoteControlProcess  data_pro_task.o
    0x0800386c   0x0800386c   0x00000068   Code   RO         4799    i.Remote_Ctrl       communication.o
    0x080038d4   0x080038d4   0x00000160   Code   RO         5065    i.Remote_Data_Task  data_pro_task.o
    0x08003a34   0x08003a34   0x00000020   Code   RO         3587    i.SPI_CheckFlag_BSY  stm32f4xx_hal_spi.o
    0x08003a54   0x08003a54   0x00000096   Code   RO         3603    i.SPI_WaitFlagStateUntilTimeout  stm32f4xx_hal_spi.o
    0x08003aea   0x08003aea   0x00000008   Code   RO         4104    i.StartDefaultTask  freertos.o
    0x08003af2   0x08003af2   0x00000004   Code   RO         3975    i.SysTick_Handler   stm32f4xx_it.o
    0x08003af6   0x08003af6   0x00000002   PAD
    0x08003af8   0x08003af8   0x000000a0   Code   RO         3837    i.SystemClock_Config  main.o
    0x08003b98   0x08003b98   0x00000054   Code   RO           14    i.SystemInit        system_stm32f4xx.o
    0x08003bec   0x08003bec   0x0000000c   Code   RO         3976    i.TIM1_UP_TIM10_IRQHandler  stm32f4xx_it.o
    0x08003bf8   0x08003bf8   0x00000010   Code   RO         4552    i.TIM5_PWM_Init     motor_use_tim.o
    0x08003c08   0x08003c08   0x000000c0   Code   RO         1361    i.TIM_Base_SetConfig  stm32f4xx_hal_tim.o
    0x08003cc8   0x08003cc8   0x00000016   Code   RO         1362    i.TIM_CCxChannelCmd  stm32f4xx_hal_tim.o
    0x08003cde   0x08003cde   0x00000014   Code   RO         1368    i.TIM_ETR_SetConfig  stm32f4xx_hal_tim.o
    0x08003cf2   0x08003cf2   0x00000010   Code   RO         1369    i.TIM_ITRx_SetConfig  stm32f4xx_hal_tim.o
    0x08003d02   0x08003d02   0x00000002   PAD
    0x08003d04   0x08003d04   0x00000058   Code   RO         1370    i.TIM_OC1_SetConfig  stm32f4xx_hal_tim.o
    0x08003d5c   0x08003d5c   0x00000064   Code   RO         1371    i.TIM_OC2_SetConfig  stm32f4xx_hal_tim.o
    0x08003dc0   0x08003dc0   0x00000060   Code   RO         1372    i.TIM_OC3_SetConfig  stm32f4xx_hal_tim.o
    0x08003e20   0x08003e20   0x00000050   Code   RO         1373    i.TIM_OC4_SetConfig  stm32f4xx_hal_tim.o
    0x08003e70   0x08003e70   0x00000022   Code   RO         1375    i.TIM_TI1_ConfigInputStage  stm32f4xx_hal_tim.o
    0x08003e92   0x08003e92   0x00000024   Code   RO         1377    i.TIM_TI2_ConfigInputStage  stm32f4xx_hal_tim.o
    0x08003eb6   0x08003eb6   0x00000002   PAD
    0x08003eb8   0x08003eb8   0x0000006c   Code   RO         3977    i.UART8_IRQHandler  stm32f4xx_it.o
    0x08003f24   0x08003f24   0x0000004a   Code   RO         2263    i.UART_DMAError     stm32f4xx_hal_uart.o
    0x08003f6e   0x08003f6e   0x0000003c   Code   RO         2264    i.UART_DMAReceiveCplt  stm32f4xx_hal_uart.o
    0x08003faa   0x08003faa   0x0000000a   Code   RO         2265    i.UART_DMARxHalfCplt  stm32f4xx_hal_uart.o
    0x08003fb4   0x08003fb4   0x0000001c   Code   RO         2268    i.UART_EndRxTransfer  stm32f4xx_hal_uart.o
    0x08003fd0   0x08003fd0   0x00000012   Code   RO         2269    i.UART_EndTxTransfer  stm32f4xx_hal_uart.o
    0x08003fe2   0x08003fe2   0x00000002   PAD
    0x08003fe4   0x08003fe4   0x000002ac   Code   RO         2271    i.UART_SetConfig    stm32f4xx_hal_uart.o
    0x08004290   0x08004290   0x00000064   Code   RO         2273    i.UART_WaitOnFlagUntilTimeout  stm32f4xx_hal_uart.o
    0x080042f4   0x080042f4   0x00000044   Code   RO         3978    i.USART1_IRQHandler  stm32f4xx_it.o
    0x08004338   0x08004338   0x00000044   Code   RO         3979    i.USART6_IRQHandler  stm32f4xx_it.o
    0x0800437c   0x0800437c   0x00000064   Code   RO         4905    i.UartRxMacControler  atom_imu.o
    0x080043e0   0x080043e0   0x00000002   Code   RO         3980    i.UsageFault_Handler  stm32f4xx_it.o
    0x080043e2   0x080043e2   0x00000002   PAD
    0x080043e4   0x080043e4   0x00000020   Code   RO         5313    i.__0printf$3       mc_w.l(printf3.o)
    0x08004404   0x08004404   0x00000028   Code   RO         5315    i.__0sprintf$3      mc_w.l(printf3.o)
    0x0800442c   0x0800442c   0x0000000e   Code   RO         5533    i.__scatterload_copy  mc_w.l(handlers.o)
    0x0800443a   0x0800443a   0x00000002   Code   RO         5534    i.__scatterload_null  mc_w.l(handlers.o)
    0x0800443c   0x0800443c   0x0000000e   Code   RO         5535    i.__scatterload_zeroinit  mc_w.l(handlers.o)
    0x0800444a   0x0800444a   0x00000002   PAD
    0x0800444c   0x0800444c   0x000001b8   Code   RO         5320    i._printf_core      mc_w.l(printf3.o)
    0x08004604   0x08004604   0x0000000a   Code   RO         5322    i._sputc            mc_w.l(printf3.o)
    0x0800460e   0x0800460e   0x0000002a   Code   RO         4626    i.abs_limit         pid.o
    0x08004638   0x08004638   0x00000018   Code   RO         4331    i.fputc             usart.o
    0x08004650   0x08004650   0x0000002c   Code   RO         4712    i.get_crc16_check_sum  protocol.o
    0x0800467c   0x0800467c   0x00000020   Code   RO         4713    i.get_crc8_check_sum  protocol.o
    0x0800469c   0x0800469c   0x0000004a   Code   RO         4488    i.get_moto_measure  motor_use_can.o
    0x080046e6   0x080046e6   0x0000000c   Code   RO         4489    i.get_moto_offset   motor_use_can.o
    0x080046f2   0x080046f2   0x00000002   PAD
    0x080046f4   0x080046f4   0x000000a8   Code   RO         5135    i.gimbal_pid_init   gimbal_task.o
    0x0800479c   0x0800479c   0x00000038   Code   RO         5066    i.hard_brak         data_pro_task.o
    0x080047d4   0x080047d4   0x00000016   Code   RO         3838    i.main              main.o
    0x080047ea   0x080047ea   0x0000000c   Code   RO          147    i.makeFreeRtosPriority  cmsis_os.o
    0x080047f6   0x080047f6   0x0000002a   Code   RO         4594    i.motor_move_setvmmps  mecanum_calc.o
    0x08004820   0x08004820   0x0000000e   Code   RO          148    i.osDelay           cmsis_os.o
    0x0800482e   0x0800482e   0x0000000a   Code   RO          151    i.osKernelStart     cmsis_os.o
    0x08004838   0x08004838   0x00000014   Code   RO          180    i.osSystickHandler  cmsis_os.o
    0x0800484c   0x0800484c   0x00000038   Code   RO          181    i.osThreadCreate    cmsis_os.o
    0x08004884   0x08004884   0x0000000a   Code   RO          184    i.osThreadList      cmsis_os.o
    0x0800488e   0x0800488e   0x00000002   PAD
    0x08004890   0x08004890   0x000001c4   Code   RO         4627    i.pid_calc          pid.o
    0x08004a54   0x08004a54   0x0000000e   Code   RO         4628    i.pid_param_init    pid.o
    0x08004a62   0x08004a62   0x00000006   Code   RO         4629    i.pid_reset         pid.o
    0x08004a68   0x08004a68   0x00000034   Code   RO          512    i.prvAddCurrentTaskToDelayedList  tasks.o
    0x08004a9c   0x08004a9c   0x00000054   Code   RO          513    i.prvCheckTasksWaitingTermination  tasks.o
    0x08004af0   0x08004af0   0x0000004c   Code   RO          984    i.prvHeapInit       heap_4.o
    0x08004b3c   0x08004b3c   0x00000028   Code   RO          514    i.prvIdleTask       tasks.o
    0x08004b64   0x08004b64   0x0000004c   Code   RO          985    i.prvInsertBlockIntoFreeList  heap_4.o
    0x08004bb0   0x08004bb0   0x0000008a   Code   RO          515    i.prvListTaskWithinSingleList  tasks.o
    0x08004c3a   0x08004c3a   0x00000002   PAD
    0x08004c3c   0x08004c3c   0x00000020   Code   RO          516    i.prvResetNextTaskUnblockTime  tasks.o
    0x08004c5c   0x08004c5c   0x00000028   Code   RO         1168    i.prvTaskExitError  port.o
    0x08004c84   0x08004c84   0x000000d8   Code   RO          986    i.pvPortMalloc      heap_4.o
    0x08004d5c   0x08004d5c   0x00000028   Code   RO         1169    i.pxPortInitialiseStack  port.o
    0x08004d84   0x08004d84   0x00000034   Code   RO         3839    i.testTask          main.o
    0x08004db8   0x08004db8   0x0000009c   Code   RO          519    i.ulTaskNotifyTake  tasks.o
    0x08004e54   0x08004e54   0x00000024   Code   RO         1131    i.uxListRemove      list.o
    0x08004e78   0x08004e78   0x00000094   Code   RO          521    i.uxTaskGetSystemState  tasks.o
    0x08004f0c   0x08004f0c   0x00000016   Code   RO         1132    i.vListInitialise   list.o
    0x08004f22   0x08004f22   0x00000006   Code   RO         1133    i.vListInitialiseItem  list.o
    0x08004f28   0x08004f28   0x00000030   Code   RO         1134    i.vListInsert       list.o
    0x08004f58   0x08004f58   0x00000018   Code   RO         1135    i.vListInsertEnd    list.o
    0x08004f70   0x08004f70   0x00000040   Code   RO         1171    i.vPortEnterCritical  port.o
    0x08004fb0   0x08004fb0   0x00000028   Code   RO         1172    i.vPortExitCritical  port.o
    0x08004fd8   0x08004fd8   0x0000005c   Code   RO          987    i.vPortFree         heap_4.o
    0x08005034   0x08005034   0x00000020   Code   RO         1173    i.vPortSetupTimerInterrupt  port.o
    0x08005054   0x08005054   0x00000068   Code   RO          526    i.vTaskDelay        tasks.o
    0x080050bc   0x080050bc   0x000000c8   Code   RO          529    i.vTaskList         tasks.o
    0x08005184   0x08005184   0x00000068   Code   RO          539    i.vTaskStartScheduler  tasks.o
    0x080051ec   0x080051ec   0x00000010   Code   RO          541    i.vTaskSuspendAll   tasks.o
    0x080051fc   0x080051fc   0x0000005c   Code   RO          542    i.vTaskSwitchContext  tasks.o
    0x08005258   0x08005258   0x0000003c   Code   RO         4715    i.verify_crc16_check_sum  protocol.o
    0x08005294   0x08005294   0x0000002a   Code   RO         4716    i.verify_crc8_check_sum  protocol.o
    0x080052be   0x080052be   0x00000002   PAD
    0x080052c0   0x080052c0   0x000000e0   Code   RO         1175    i.xPortStartScheduler  port.o
    0x080053a0   0x080053a0   0x0000002c   Code   RO         1176    i.xPortSysTickHandler  port.o
    0x080053cc   0x080053cc   0x000001bc   Code   RO          544    i.xTaskGenericCreate  tasks.o
    0x08005588   0x08005588   0x0000001c   Code   RO          548    i.xTaskGetSchedulerState  tasks.o
    0x080055a4   0x080055a4   0x000000cc   Code   RO          551    i.xTaskIncrementTick  tasks.o
    0x08005670   0x08005670   0x000000c4   Code   RO          557    i.xTaskResumeAll    tasks.o
    0x08005734   0x08005734   0x00000010   Data   RO         3121    .constdata          stm32f4xx_hal_rcc.o
    0x08005744   0x08005744   0x00000008   Data   RO         3466    .constdata          stm32f4xx_hal_dma.o
    0x0800574c   0x0800574c   0x0000008c   Data   RO         4105    .constdata          freertos.o
    0x080057d8   0x080057d8   0x00000316   Data   RO         4718    .constdata          protocol.o
    0x08005aee   0x08005aee   0x00000002   PAD
    0x08005af0   0x08005af0   0x00000014   Data   RO         4802    .constdata          communication.o
    0x08005b04   0x08005b04   0x00000054   Data   RO         4106    .conststring        freertos.o
    0x08005b58   0x08005b58   0x00000020   Data   RO         5531    Region$$Table       anon$$obj.o


    Execution Region RW_IRAM1 (Exec base: 0x20000000, Load base: 0x08005b78, Size: 0x00005d70, Max: 0x00030000, ABSOLUTE)

    Exec Addr    Load Addr    Size         Type   Attr      Idx    E Section Name        Object

    0x20000000   0x08005b78   0x00000004   Data   RW           16    .data               system_stm32f4xx.o
    0x20000004   0x08005b7c   0x00000038   Data   RW          560    .data               tasks.o
    0x2000003c   0x08005bb4   0x00000018   Data   RW          992    .data               heap_4.o
    0x20000054   0x08005bcc   0x0000000c   Data   RW         1177    .data               port.o
    0x20000060   0x08005bd8   0x00000004   Data   RW         2733    .data               stm32f4xx_hal.o
    0x20000064   0x08005bdc   0x00000001   Data   RW         3981    .data               stm32f4xx_it.o
    0x20000065   0x08005bdd   0x00000003   PAD
    0x20000068   0x08005be0   0x0000001c   Data   RW         4107    .data               freertos.o
    0x20000084   0x08005bfc   0x00000004   Data   RW         4412    .data               can.o
    0x20000088   0x08005c00   0x00000002   Data   RW         4719    .data               protocol.o
    0x2000008a   0x08005c02   0x00000002   PAD
    0x2000008c   0x08005c04   0x00000026   Data   RW         4803    .data               communication.o
    0x200000b2   0x08005c2a   0x00000002   Data   RW         4804    .data               communication.o
    0x200000b4   0x08005c2c   0x00000002   Data   RW         4805    .data               communication.o
    0x200000b6   0x08005c2e   0x00000006   Data   RW         4911    .data               atom_imu.o
    0x200000bc   0x08005c34   0x00000004   Data   RW         5021    .data               chassis_task.o
    0x200000c0   0x08005c38   0x00000010   Data   RW         5067    .data               data_pro_task.o
    0x200000d0   0x08005c48   0x0000000c   Data   RW         5138    .data               gimbal_task.o
    0x200000dc   0x08005c54   0x00000004   Data   RW         5178    .data               gun_task.o
    0x200000e0   0x08005c58   0x00000004   Data   RW         5505    .data               mc_w.l(stdout.o)
    0x200000e4        -       0x000000f0   Zero   RW          559    .bss                tasks.o
    0x200001d4        -       0x00003c00   Zero   RW          991    .bss                heap_4.o
    0x20003dd4        -       0x0000003c   Zero   RW         2731    .bss                stm32f4xx_hal.o
    0x20003e10        -       0x00000078   Zero   RW         4208    .bss                tim.o
    0x20003e88        -       0x00000058   Zero   RW         4284    .bss                spi.o
    0x20003ee0        -       0x00000280   Zero   RW         4333    .bss                usart.o
    0x20004160        -       0x00000100   Zero   RW         4411    .bss                can.o
    0x20004260        -       0x000000b0   Zero   RW         4491    .bss                motor_use_can.o
    0x20004310        -       0x0000002c   Zero   RW         4492    .bss                motor_use_can.o
    0x2000433c        -       0x0000002c   Zero   RW         4493    .bss                motor_use_can.o
    0x20004368        -       0x0000002c   Zero   RW         4494    .bss                motor_use_can.o
    0x20004394        -       0x00000054   Zero   RW         4495    .bss                motor_use_can.o
    0x200043e8        -       0x00000148   Zero   RW         4800    .bss                communication.o
    0x20004530        -       0x00000064   Zero   RW         4801    .bss                communication.o
    0x20004594        -       0x00000c10   Zero   RW         4908    .bss                atom_imu.o
    0x200051a4        -       0x00000034   Zero   RW         4979    .bss                decode.o
    0x200051d8        -       0x00000360   Zero   RW         5020    .bss                chassis_task.o
    0x20005538        -       0x00000360   Zero   RW         5136    .bss                gimbal_task.o
    0x20005898        -       0x000000d8   Zero   RW         5177    .bss                gun_task.o
    0x20005970        -       0x00000400   Zero   RW            1    STACK               startup_stm32f427xx.o


==============================================================================

Image component sizes


      Code (inc. data)   RO Data    RW Data    ZI Data      Debug   Object Name

       100         14          0          6       3088       5763   atom_imu.o
       196         34          0          0          0        591   bsp.o
       408         46          0          4        256       3175   can.o
       336         38          0          4        864       3757   chassis_task.o
       122          0          0          0          0      24551   cmsis_os.o
       768         64         20         42        428      15373   communication.o
      1372        132          0         16          0       7482   data_pro_task.o
       204         10          0          0         52       2293   decode.o
       108          4          0          0          0        850   dma.o
       180         10        224         28          0       6549   freertos.o
       520         46          0         12        864       3981   gimbal_task.o
       400         34          0          0          0       1219   gpio.o
       352         24          0          4        216       3498   gun_task.o
       460         24          0         24      15360       7339   heap_4.o
       136          0          0          0          0       3646   list.o
       236         22          0          0          0       2707   main.o
        42          0          0          0          0        686   mecanum_calc.o
       254         14          0          0        392       4918   motor_use_can.o
       124         16          0          0          0       2026   motor_use_tim.o
       538         12          0          0          0       4993   pid.o
       670         74          0         12          0       8608   port.o
       178         18        790          2          0       3840   protocol.o
       148         22          0          0         88       1665   spi.o
        36          8        428          0       1024        852   startup_stm32f427xx.o
       218         32          0          4         60       4634   stm32f4xx_hal.o
      1878         38          0          0          0       7976   stm32f4xx_hal_can.o
       218         14          0          0          0      31157   stm32f4xx_hal_cortex.o
       916         22          8          0          0       5959   stm32f4xx_hal_dma.o
       478         52          0          0          0       3221   stm32f4xx_hal_gpio.o
        88          0          0          0          0        542   stm32f4xx_hal_msp.o
      1408         90         16          0          0       6724   stm32f4xx_hal_rcc.o
       782          0          0          0          0       4505   stm32f4xx_hal_spi.o
      1690         88          0          0          0      16708   stm32f4xx_hal_tim.o
        84          0          0          0          0       2486   stm32f4xx_hal_tim_ex.o
      1406         20          0          0          0       9194   stm32f4xx_hal_uart.o
       708        144          0          1          0      11527   stm32f4xx_it.o
        84         18          0          4          0     358649   system_stm32f4xx.o
      2038        160          0         56        240      28656   tasks.o
       424         46          0          0        120       3143   tim.o
         0          0          0          0          0       8396   timers.o
       784         96          0          0        640       4871   usart.o

    ----------------------------------------------------------------------
     21138       1486       1520        224      23692     628710   Object Totals
         0          0         32          0          0          0   (incl. Generated)
        46          0          2          5          0          0   (incl. Padding)

    ----------------------------------------------------------------------

      Code (inc. data)   RO Data    RW Data    ZI Data      Debug   Library Member Name

         0          0          0          0          0          0   entry.o
         0          0          0          0          0          0   entry10a.o
         0          0          0          0          0          0   entry11a.o
         8          4          0          0          0          0   entry2.o
         4          0          0          0          0          0   entry5.o
         0          0          0          0          0          0   entry7b.o
         0          0          0          0          0          0   entry8b.o
         8          4          0          0          0          0   entry9a.o
        30          0          0          0          0          0   handlers.o
        36          8          0          0          0         68   init.o
        36          0          0          0          0         68   memcpya.o
        36          0          0          0          0        108   memseta.o
       522         20          0          0          0        336   printf3.o
         0          0          0          4          0          0   stdout.o
        18          0          0          0          0         68   strcpy.o
        14          0          0          0          0         68   strlen.o
        44          0          0          0          0         80   uidiv.o

    ----------------------------------------------------------------------
       758         36          0          4          0        796   Library Totals
         2          0          0          0          0          0   (incl. Padding)

    ----------------------------------------------------------------------

      Code (inc. data)   RO Data    RW Data    ZI Data      Debug   Library Name

       756         36          0          4          0        796   mc_w.l

    ----------------------------------------------------------------------
       758         36          0          4          0        796   Library Totals

    ----------------------------------------------------------------------

==============================================================================


      Code (inc. data)   RO Data    RW Data    ZI Data      Debug   

     21896       1522       1520        228      23692     610798   Grand Totals
     21896       1522       1520        228      23692     610798   ELF Image Totals
     21896       1522       1520        228          0          0   ROM Totals

==============================================================================

    Total RO  Size (Code + RO Data)                23416 (  22.87kB)
    Total RW  Size (RW Data + ZI Data)             23920 (  23.36kB)
    Total ROM Size (Code + RO Data + RW Data)      23644 (  23.09kB)

==============================================================================

