<html>
<body>
<pre>
<h1>µVision Build Log</h1>
<h2>Tool Versions:</h2>
IDE-Version: ¦ÌVision V5.23.0.0
Copyright (C) 2017 ARM Ltd and ARM Germany GmbH. All rights reserved.
License Information: leo leo, leo, LIC=PE756-DR2YZ-9TK3L-0GP6Z-T35TE-ZRMH3
 
Tool Versions:
Toolchain:       MDK-ARM Plus  Version: 5.23
Toolchain Path:  A:\keil5\ARM\ARMCC\Bin
C Compiler:      Armcc.exe V5.06 update 4 (build 422)
Assembler:       Armasm.exe V5.06 update 4 (build 422)
Linker/Locator:  ArmLink.exe V5.06 update 4 (build 422)
Library Manager: ArmAr.exe V5.06 update 4 (build 422)
Hex Converter:   FromElf.exe V5.06 update 4 (build 422)
CPU DLL:         SARMCM3.DLL V5.23
Dialog DLL:      DCM.DLL V1.15.0.0
Target DLL:      Segger\JL2CM3.dll V2.99.23.0
Dialog DLL:      TCM.DLL V1.27.0.0
 
<h2>Project:</h2>
D:\NCU-RM-GIT\NCU-RoboMaster\yaw_fdb_encoder\MDK-ARM\2018.07.12-infantry.uvprojx
Project File Date:  01/16/2019

<h2>Output:</h2>
*** Using Compiler 'V5.06 update 4 (build 422)', folder: 'A:\keil5\ARM\ARMCC\Bin'
Build target '2018.07.12-infantry'
compiling Motor_USE_TIM.c...
compiling main.c...
../Src/main.c(125): warning:  #550-D: variable "pitch_angle"  was set but never used
  		float pitch_angle;
../Src/main.c(121): warning:  #177-D: variable "InfoBuffer"  was declared but never referenced
  	char InfoBuffer[1000];
../Src/main.c(122): warning:  #177-D: variable "angle"  was declared but never referenced
  	int16_t angle[4];
../Src/main.c: 3 warnings, 0 errors
compiling freertos.c...
../Drivers/CMSIS/Include/arm_math.h(4889): warning:  #223-D: function "__SMUAD" declared implicitly
      acc = (q31_t) __SMUAD((uint32_t)S->A0, (uint32_t)in);
../Drivers/CMSIS/Include/arm_math.h(4893): warning:  #223-D: function "__SMLALD" declared implicitly
      acc = (q63_t)__SMLALD((uint32_t)S->A1, (uint32_t)*vstate, (uint64_t)acc);
../Drivers/CMSIS/Include/arm_math.h(4907): warning:  #223-D: function "__SSAT" declared implicitly
      out = (q15_t) (__SSAT((acc >> 15), 16));
../Drivers/CMSIS/Include/arm_math.h(5032): warning:  #223-D: function "__QADD" declared implicitly
      *pIbeta = __QADD(product1, product2);
../Drivers/CMSIS/Include/arm_math.h(5129): warning:  #223-D: function "__QSUB" declared implicitly
      *pIb = __QSUB(product2, product1);
../Drivers/CMSIS/Include/arm_math.h(5250): warning:  #223-D: function "__QADD" declared implicitly
      *pId = __QADD(product1, product2);
../Drivers/CMSIS/Include/arm_math.h(5253): warning:  #223-D: function "__QSUB" declared implicitly
      *pIq = __QSUB(product4, product3);
../Drivers/CMSIS/Include/arm_math.h(5363): warning:  #223-D: function "__QSUB" declared implicitly
      *pIalpha = __QSUB(product1, product2);
../Drivers/CMSIS/Include/arm_math.h(5366): warning:  #223-D: function "__QADD" declared implicitly
      *pIbeta = __QADD(product4, product3);
../Src/freertos.c: 9 warnings, 0 errors
compiling BSP.c...
compiling gun_task.c...
../Drivers/CMSIS/Include/arm_math.h(4889): warning:  #223-D: function "__SMUAD" declared implicitly
      acc = (q31_t) __SMUAD((uint32_t)S->A0, (uint32_t)in);
../Drivers/CMSIS/Include/arm_math.h(4893): warning:  #223-D: function "__SMLALD" declared implicitly
      acc = (q63_t)__SMLALD((uint32_t)S->A1, (uint32_t)*vstate, (uint64_t)acc);
../Drivers/CMSIS/Include/arm_math.h(4907): warning:  #223-D: function "__SSAT" declared implicitly
      out = (q15_t) (__SSAT((acc >> 15), 16));
../Drivers/CMSIS/Include/arm_math.h(5032): warning:  #223-D: function "__QADD" declared implicitly
      *pIbeta = __QADD(product1, product2);
../Drivers/CMSIS/Include/arm_math.h(5129): warning:  #223-D: function "__QSUB" declared implicitly
      *pIb = __QSUB(product2, product1);
../Drivers/CMSIS/Include/arm_math.h(5250): warning:  #223-D: function "__QADD" declared implicitly
      *pId = __QADD(product1, product2);
../Drivers/CMSIS/Include/arm_math.h(5253): warning:  #223-D: function "__QSUB" declared implicitly
      *pIq = __QSUB(product4, product3);
../Drivers/CMSIS/Include/arm_math.h(5363): warning:  #223-D: function "__QSUB" declared implicitly
      *pIalpha = __QSUB(product1, product2);
../Drivers/CMSIS/Include/arm_math.h(5366): warning:  #223-D: function "__QADD" declared implicitly
      *pIbeta = __QADD(product4, product3);
APP_task\gun_task.c(51): warning:  #177-D: variable "i"  was declared but never referenced
  	static int i;
APP_task\gun_task.c: 10 warnings, 0 errors
compiling Power_restriction.c...
Algorithm\Power_restriction.c(335): warning:  #550-D: variable "T0"  was set but never used
  		float T0 = 0;
Algorithm\Power_restriction.c(336): warning:  #550-D: variable "P0"  was set but never used
  		float P0 = 0;
Algorithm\Power_restriction.c: 2 warnings, 0 errors
compiling pid.c...
compiling communication.c...
Communication\communication.c(92): warning:  #177-D: variable "data_sum"  was declared but never referenced
    int16_t data_sum=0;
Communication\communication.c: 1 warning, 0 errors
compiling gimbal_task.c...
compiling data_pro_task.c...
compiling chassis_task.c...
linking...
Program Size: Code=29108 RO-data=1500 RW-data=444 ZI-data=21828  
"2018.07.12-infantry\2018.07.12-infantry" - 0 Error(s), 25 Warning(s).

<h2>Software Packages used:</h2>

Package Vendor: ARM
                http://www.keil.com/pack/ARM.CMSIS.5.0.1.pack
                ARM::CMSIS:CORE:5.0.1
                CMSIS (Cortex Microcontroller Software Interface Standard)
   * Component: CORE Version: 5.0.1

<h2>Collection of Component include folders:</h2>
  .\RTE\_2018.07.12-infantry
  A:\keil5\ARM\PACK\ARM\CMSIS\5.0.1\CMSIS\Include
  A:\keil5\ARM\PACK\Keil\STM32F4xx_DFP\2.11.0\Drivers\CMSIS\Device\ST\STM32F4xx\Include

<h2>Collection of Component Files used:</h2>

   * Component: ARM::CMSIS:CORE:5.0.1
Build Time Elapsed:  00:00:10
</pre>
</body>
</html>
